DEBUG: Server script starting...
DEBUG: .env loaded, DATABASE_URL: configured
DEBUG: NODE_ENV: undefined
📂 Uploads directory already exists: /Users/admin/Downloads/merchtechapp5/services/Server/uploads
AWS Access Key Suffix: V3MU
AWS Secret Key Suffix: y2Yz
✅ S3 service loaded and instantiated successfully
   AWS Region: us-east-2
   S3 Bucket: merchtechbucket
   AWS Access Key: Configured
🚀 Starting server initialization...
🔧 Initializing database schema...
🔧 Verifying table columns exist...
   -> Checking for column: verification_token
   -> Checking for column: is_admin
   -> Checking for column: is_suspended
   -> Checking for column: subscription_tier
   -> Checking for column: created_at
   -> Checking for column: updated_at
   -> Checking for column: max_products
   -> Checking for column: max_audio_files
   -> Checking for column: max_playlists
   -> Checking for column: max_qr_codes
   -> Checking for column: max_slideshows
   -> Checking for column: max_videos
   -> Checking for column: max_activation_codes
✅ Database schema initialized successfully.
✅ Database initialized successfully
🚀 Full server with email logic running on port 5001
🌐 Server accessible at: http://localhost:5001
📊 Health check: http://localhost:5001/api/health
🎬 SLIDESHOW_ACCESS: Fetching slideshow for access: 30
🎬 SLIDESHOW_ACCESS: Audio URL is not JSON, keeping as string
🎬 SLIDESHOW_ACCESS: Found 2 product links
🎬 SLIDESHOW_ACCESS: Slideshow found: testagain7
🎬 SLIDESHOW_ACCESS: Access restricted: false
🎬 SLIDESHOW_ACCESS: Fetching slideshow for access: 30
🎬 SLIDESHOW_ACCESS: Audio URL is not JSON, keeping as string
🎬 SLIDESHOW_ACCESS: Found 2 product links
🎬 SLIDESHOW_ACCESS: Slideshow found: testagain7
🎬 SLIDESHOW_ACCESS: Access restricted: false
🎬 SLIDESHOWS: ===== GET SLIDESHOW DEBUG START =====
🎬 SLIDESHOWS: Fetching slideshow ID: 30
🎬 SLIDESHOWS: ✅ Slideshow found in database
🎬 SLIDESHOWS: Raw slideshow data from database:
🎬 SLIDESHOWS:   - id: 30
🎬 SLIDESHOWS:   - name: testagain7
🎬 SLIDESHOWS:   - audio_url: https://merchtechbucket.s3.us-east-2.amazonaws.com/users/1/media/1752588116546-ambientbeat.mp3
🎬 SLIDESHOWS:   - audio_url type: string
🎬 SLIDESHOWS:   - autoplay_interval: 5000
🎬 SLIDESHOWS:   - requires_activation_code: false
🎬 SLIDESHOWS: Found 4 images for slideshow
🔗 Generated signed URL for: users/1/media/1752512959661-865920832.png
🔗 Generated signed URL for: users/1/media/1752544564617-208519358.png
🔗 Generated signed URL for: users/1/media/1752544581730-219520606.png
🔗 Generated signed URL for: users/1/media/1752544604299-346189419.png
🎬 SLIDESHOWS: Processing background audio URL...
🎬 SLIDESHOWS: Original audio_url: https://merchtechbucket.s3.us-east-2.amazonaws.com/users/1/media/1752588116546-ambientbeat.mp3
🎵 SLIDESHOWS: Audio URL is S3, generating signed URL...
🎵 SLIDESHOWS: Extracted S3 key: users/1/media/1752588116546-ambientbeat.mp3
🔗 Generated signed URL for: users/1/media/1752588116546-ambientbeat.mp3
🎵 SLIDESHOWS: Generated signed audio URL: https://merchtechbucket.s3.us-east-2.amazonaws.com/users/1/media/1752588116546-ambientbeat.mp3?X-Amz-Algorithm=AWS4-HMAC-SHA256&X-Amz-Content-Sha256=UNSIGNED-PAYLOAD&X-Amz-Credential=AKIAZK2GCMJ2JIHNV3MU%2F20250715%2Fus-east-2%2Fs3%2Faws4_request&X-Amz-Date=20250715T162454Z&X-Amz-Expires=3600&X-Amz-Signature=6bc03c69e19d3e89302ca7de33aabcda56179b1a20f514a8ebfeb43e515fadd0&X-Amz-SignedHeaders=host&x-amz-checksum-mode=ENABLED&x-id=GetObject
🎬 SLIDESHOWS: Found 2 product links
🎬 SLIDESHOWS: Final slideshow object prepared:
🎬 SLIDESHOWS:   - id: 30
🎬 SLIDESHOWS:   - name: testagain7
🎬 SLIDESHOWS:   - backgroundAudioUrl: https://merchtechbucket.s3.us-east-2.amazonaws.com/users/1/media/1752588116546-ambientbeat.mp3?X-Amz-Algorithm=AWS4-HMAC-SHA256&X-Amz-Content-Sha256=UNSIGNED-PAYLOAD&X-Amz-Credential=AKIAZK2GCMJ2JIHNV3MU%2F20250715%2Fus-east-2%2Fs3%2Faws4_request&X-Amz-Date=20250715T162454Z&X-Amz-Expires=3600&X-Amz-Signature=6bc03c69e19d3e89302ca7de33aabcda56179b1a20f514a8ebfeb43e515fadd0&X-Amz-SignedHeaders=host&x-amz-checksum-mode=ENABLED&x-id=GetObject
🎬 SLIDESHOWS:   - backgroundAudioUrl type: string
🎬 SLIDESHOWS:   - autoplayInterval: 5000
🎬 SLIDESHOWS:   - requiresActivationCode: false
🎬 SLIDESHOWS:   - images count: 4
🎬 SLIDESHOWS: Sending response to frontend...
🎬 SLIDESHOWS: ===== GET SLIDESHOW DEBUG END =====
🌍 UNIVERSAL_CHAT: Fetching messages with filters: {
  limit: '50',
  offset: 0,
  filterType: 'all',
  userId: undefined,
  category: undefined,
  messageType: undefined
}
🌍 CHAT_CATEGORIES: Fetching categories
🌍 UNIVERSAL_CHAT: Found 4 messages
🌍 CHAT_CATEGORIES: Found categories: [ 'general', 'products', 'support', 'feedback' ]
🎬 SLIDESHOWS: Fetching slideshows for user: 1
🎬 SLIDESHOWS: Found 13 slideshows
🎬 SLIDESHOWS: ===== SLIDESHOW UPDATE DEBUG START =====
🎬 SLIDESHOWS: Updating slideshow ID: 30
🎬 SLIDESHOWS: Request body received: {
  "name": "testagain7",
  "description": "test",
  "transition": "fade",
  "autoplayInterval": 5000,
  "requiresActivationCode": true
}
🎬 SLIDESHOWS: Extracted fields:
🎬 SLIDESHOWS:   - name: testagain7
🎬 SLIDESHOWS:   - description: test
🎬 SLIDESHOWS:   - autoplayInterval: 5000
🎬 SLIDESHOWS:   - transition: fade
🎬 SLIDESHOWS:   - requiresActivationCode: true
🎬 SLIDESHOWS:   - audio_url: undefined
🎬 SLIDESHOWS:   - audio_url type: undefined
🎬 SLIDESHOWS: User ID: 1
🎬 SLIDESHOWS: Checking slideshow ownership...
🎬 SLIDESHOWS: ✅ Ownership verified
🎬 SLIDESHOWS: Executing UPDATE query with parameters:
🎬 SLIDESHOWS:   $1 (name): testagain7
🎬 SLIDESHOWS:   $2 (description): test
🎬 SLIDESHOWS:   $3 (autoplayInterval): 5000
🎬 SLIDESHOWS:   $4 (transition): fade
🎬 SLIDESHOWS:   $5 (requiresActivationCode): true
🎬 SLIDESHOWS:   $6 (processedAudioUrl): undefined
🎬 SLIDESHOWS:   $7 (id): 30
🎬 SLIDESHOWS: ✅ UPDATE query successful
🎬 SLIDESHOWS: Updated slideshow data from database:
🎬 SLIDESHOWS:   - id: 30
🎬 SLIDESHOWS:   - name: testagain7
🎬 SLIDESHOWS:   - audio_url: https://merchtechbucket.s3.us-east-2.amazonaws.com/users/1/media/1752588116546-ambientbeat.mp3
🎬 SLIDESHOWS:   - audio_url type: string
🎬 SLIDESHOWS:   - autoplay_interval: 5000
🎬 SLIDESHOWS:   - requires_activation_code: true
🎬 SLIDESHOWS:   - updated_at: 2025-07-15T16:25:29.287Z
🎵 SLIDESHOWS: ℹ️ No audio_url provided in request
🎬 SLIDESHOWS: Preparing response object...
🎬 SLIDESHOWS: Response object prepared:
🎬 SLIDESHOWS: {
  "id": 30,
  "name": "testagain7",
  "description": "test",
  "autoplayInterval": 5000,
  "transition": "fade",
  "requiresActivationCode": true,
  "backgroundAudioUrl": "https://merchtechbucket.s3.us-east-2.amazonaws.com/users/1/media/1752588116546-ambientbeat.mp3",
  "updatedAt": "2025-07-15T16:25:29.287Z"
}
🎬 SLIDESHOWS: ===== SLIDESHOW UPDATE DEBUG END =====
🎬 SLIDESHOWS: ===== GET SLIDESHOW DEBUG START =====
🎬 SLIDESHOWS: Fetching slideshow ID: 30
🎬 SLIDESHOWS: ✅ Slideshow found in database
🎬 SLIDESHOWS: Raw slideshow data from database:
🎬 SLIDESHOWS:   - id: 30
🎬 SLIDESHOWS:   - name: testagain7
🎬 SLIDESHOWS:   - audio_url: https://merchtechbucket.s3.us-east-2.amazonaws.com/users/1/media/1752588116546-ambientbeat.mp3
🎬 SLIDESHOWS:   - audio_url type: string
🎬 SLIDESHOWS:   - autoplay_interval: 5000
🎬 SLIDESHOWS:   - requires_activation_code: true
🎬 SLIDESHOWS: Found 4 images for slideshow
🔗 Generated signed URL for: users/1/media/1752512959661-865920832.png
🔗 Generated signed URL for: users/1/media/1752544564617-208519358.png
🔗 Generated signed URL for: users/1/media/1752544581730-219520606.png
🔗 Generated signed URL for: users/1/media/1752544604299-346189419.png
🎬 SLIDESHOWS: Processing background audio URL...
🎬 SLIDESHOWS: Original audio_url: https://merchtechbucket.s3.us-east-2.amazonaws.com/users/1/media/1752588116546-ambientbeat.mp3
🎵 SLIDESHOWS: Audio URL is S3, generating signed URL...
🎵 SLIDESHOWS: Extracted S3 key: users/1/media/1752588116546-ambientbeat.mp3
🔗 Generated signed URL for: users/1/media/1752588116546-ambientbeat.mp3
🎵 SLIDESHOWS: Generated signed audio URL: https://merchtechbucket.s3.us-east-2.amazonaws.com/users/1/media/1752588116546-ambientbeat.mp3?X-Amz-Algorithm=AWS4-HMAC-SHA256&X-Amz-Content-Sha256=UNSIGNED-PAYLOAD&X-Amz-Credential=AKIAZK2GCMJ2JIHNV3MU%2F20250715%2Fus-east-2%2Fs3%2Faws4_request&X-Amz-Date=20250715T162529Z&X-Amz-Expires=3600&X-Amz-Signature=f370426b15b71c39c3187aa0646b43fefd1ca873a8580ebebbb8b712cf059e17&X-Amz-SignedHeaders=host&x-amz-checksum-mode=ENABLED&x-id=GetObject
🎬 SLIDESHOWS: Found 2 product links
🎬 SLIDESHOWS: Final slideshow object prepared:
🎬 SLIDESHOWS:   - id: 30
🎬 SLIDESHOWS:   - name: testagain7
🎬 SLIDESHOWS:   - backgroundAudioUrl: https://merchtechbucket.s3.us-east-2.amazonaws.com/users/1/media/1752588116546-ambientbeat.mp3?X-Amz-Algorithm=AWS4-HMAC-SHA256&X-Amz-Content-Sha256=UNSIGNED-PAYLOAD&X-Amz-Credential=AKIAZK2GCMJ2JIHNV3MU%2F20250715%2Fus-east-2%2Fs3%2Faws4_request&X-Amz-Date=20250715T162529Z&X-Amz-Expires=3600&X-Amz-Signature=f370426b15b71c39c3187aa0646b43fefd1ca873a8580ebebbb8b712cf059e17&X-Amz-SignedHeaders=host&x-amz-checksum-mode=ENABLED&x-id=GetObject
🎬 SLIDESHOWS:   - backgroundAudioUrl type: string
🎬 SLIDESHOWS:   - autoplayInterval: 5000
🎬 SLIDESHOWS:   - requiresActivationCode: true
🎬 SLIDESHOWS:   - images count: 4
🎬 SLIDESHOWS: Sending response to frontend...
🎬 SLIDESHOWS: ===== GET SLIDESHOW DEBUG END =====
🎬 SLIDESHOWS: ===== SLIDESHOW UPDATE DEBUG START =====
🎬 SLIDESHOWS: Updating slideshow ID: 23
🎬 SLIDESHOWS: Request body received: {
  "name": "Test Update Fixed v2",
  "description": "hi",
  "transition": "slide",
  "autoplayInterval": 8000,
  "requiresActivationCode": false
}
🎬 SLIDESHOWS: Extracted fields:
🎬 SLIDESHOWS:   - name: Test Update Fixed v2
🎬 SLIDESHOWS:   - description: hi
🎬 SLIDESHOWS:   - autoplayInterval: 8000
🎬 SLIDESHOWS:   - transition: slide
🎬 SLIDESHOWS:   - requiresActivationCode: false
🎬 SLIDESHOWS:   - audio_url: undefined
🎬 SLIDESHOWS:   - audio_url type: undefined
🎬 SLIDESHOWS: User ID: 1
🎬 SLIDESHOWS: Checking slideshow ownership...
🎬 SLIDESHOWS: ✅ Ownership verified
🎬 SLIDESHOWS: Executing UPDATE query with parameters:
🎬 SLIDESHOWS:   $1 (name): Test Update Fixed v2
🎬 SLIDESHOWS:   $2 (description): hi
🎬 SLIDESHOWS:   $3 (autoplayInterval): 8000
🎬 SLIDESHOWS:   $4 (transition): slide
🎬 SLIDESHOWS:   $5 (requiresActivationCode): false
🎬 SLIDESHOWS:   $6 (processedAudioUrl): undefined
🎬 SLIDESHOWS:   $7 (id): 23
🎬 SLIDESHOWS: ✅ UPDATE query successful
🎬 SLIDESHOWS: Updated slideshow data from database:
🎬 SLIDESHOWS:   - id: 23
🎬 SLIDESHOWS:   - name: Test Update Fixed v2
🎬 SLIDESHOWS:   - audio_url: {"message":"File uploaded successfully","url":"https://merchtechbucket.s3.us-east-2.amazonaws.com/users/1/media/1752583729161-ambientbeat.mp3","proxy_url":"http://localhost:5001/api/images/s3/users/1/media/1752583729161-ambientbeat.mp3","key":"users/1/media/1752583729161-ambientbeat.mp3","imageUrl":"http://localhost:5001/api/images/s3/users/1/media/1752583729161-ambientbeat.mp3"}
🎬 SLIDESHOWS:   - audio_url type: string
🎬 SLIDESHOWS:   - autoplay_interval: 8000
🎬 SLIDESHOWS:   - requires_activation_code: false
🎬 SLIDESHOWS:   - updated_at: 2025-07-15T16:25:42.323Z
🎵 SLIDESHOWS: ℹ️ No audio_url provided in request
🎬 SLIDESHOWS: Preparing response object...
🎬 SLIDESHOWS: Response object prepared:
🎬 SLIDESHOWS: {
  "id": 23,
  "name": "Test Update Fixed v2",
  "description": "hi",
  "autoplayInterval": 8000,
  "transition": "slide",
  "requiresActivationCode": false,
  "backgroundAudioUrl": "{\"message\":\"File uploaded successfully\",\"url\":\"https://merchtechbucket.s3.us-east-2.amazonaws.com/users/1/media/1752583729161-ambientbeat.mp3\",\"proxy_url\":\"http://localhost:5001/api/images/s3/users/1/media/1752583729161-ambientbeat.mp3\",\"key\":\"users/1/media/1752583729161-ambientbeat.mp3\",\"imageUrl\":\"http://localhost:5001/api/images/s3/users/1/media/1752583729161-ambientbeat.mp3\"}",
  "updatedAt": "2025-07-15T16:25:42.323Z"
}
🎬 SLIDESHOWS: ===== SLIDESHOW UPDATE DEBUG END =====
🎬 SLIDESHOWS: ===== GET SLIDESHOW DEBUG START =====
🎬 SLIDESHOWS: Fetching slideshow ID: 23
🎬 SLIDESHOWS: ✅ Slideshow found in database
🎬 SLIDESHOWS: Raw slideshow data from database:
🎬 SLIDESHOWS:   - id: 23
🎬 SLIDESHOWS:   - name: Test Update Fixed v2
🎬 SLIDESHOWS:   - audio_url: {"message":"File uploaded successfully","url":"https://merchtechbucket.s3.us-east-2.amazonaws.com/users/1/media/1752583729161-ambientbeat.mp3","proxy_url":"http://localhost:5001/api/images/s3/users/1/media/1752583729161-ambientbeat.mp3","key":"users/1/media/1752583729161-ambientbeat.mp3","imageUrl":"http://localhost:5001/api/images/s3/users/1/media/1752583729161-ambientbeat.mp3"}
🎬 SLIDESHOWS:   - audio_url type: string
🎬 SLIDESHOWS:   - autoplay_interval: 8000
🎬 SLIDESHOWS:   - requires_activation_code: false
🎬 SLIDESHOWS: Found 3 images for slideshow
🔗 Generated signed URL for: users/1/media/1752512593229-289101895.png
🔗 Generated signed URL for: users/1/media/1752512600819-200776205.png
🔗 Generated signed URL for: users/1/media/1752549797348-430197896.svg
🎬 SLIDESHOWS: Processing background audio URL...
🎬 SLIDESHOWS: Original audio_url: {"message":"File uploaded successfully","url":"https://merchtechbucket.s3.us-east-2.amazonaws.com/users/1/media/1752583729161-ambientbeat.mp3","proxy_url":"http://localhost:5001/api/images/s3/users/1/media/1752583729161-ambientbeat.mp3","key":"users/1/media/1752583729161-ambientbeat.mp3","imageUrl":"http://localhost:5001/api/images/s3/users/1/media/1752583729161-ambientbeat.mp3"}
🎵 SLIDESHOWS: Parsed JSON audio data, extracted URL: https://merchtechbucket.s3.us-east-2.amazonaws.com/users/1/media/1752583729161-ambientbeat.mp3
🎵 SLIDESHOWS: Audio URL is S3, generating signed URL...
🎵 SLIDESHOWS: Extracted S3 key: users/1/media/1752583729161-ambientbeat.mp3
🔗 Generated signed URL for: users/1/media/1752583729161-ambientbeat.mp3
🎵 SLIDESHOWS: Generated signed audio URL: https://merchtechbucket.s3.us-east-2.amazonaws.com/users/1/media/1752583729161-ambientbeat.mp3?X-Amz-Algorithm=AWS4-HMAC-SHA256&X-Amz-Content-Sha256=UNSIGNED-PAYLOAD&X-Amz-Credential=AKIAZK2GCMJ2JIHNV3MU%2F20250715%2Fus-east-2%2Fs3%2Faws4_request&X-Amz-Date=20250715T162542Z&X-Amz-Expires=3600&X-Amz-Signature=add5e5bb1e325af0a1d4b728c6480eb8d40bfe7b1325f6d25bac09147f5feb93&X-Amz-SignedHeaders=host&x-amz-checksum-mode=ENABLED&x-id=GetObject
🎬 SLIDESHOWS: Found 2 product links
🎬 SLIDESHOWS: Final slideshow object prepared:
🎬 SLIDESHOWS:   - id: 23
🎬 SLIDESHOWS:   - name: Test Update Fixed v2
🎬 SLIDESHOWS:   - backgroundAudioUrl: https://merchtechbucket.s3.us-east-2.amazonaws.com/users/1/media/1752583729161-ambientbeat.mp3?X-Amz-Algorithm=AWS4-HMAC-SHA256&X-Amz-Content-Sha256=UNSIGNED-PAYLOAD&X-Amz-Credential=AKIAZK2GCMJ2JIHNV3MU%2F20250715%2Fus-east-2%2Fs3%2Faws4_request&X-Amz-Date=20250715T162542Z&X-Amz-Expires=3600&X-Amz-Signature=add5e5bb1e325af0a1d4b728c6480eb8d40bfe7b1325f6d25bac09147f5feb93&X-Amz-SignedHeaders=host&x-amz-checksum-mode=ENABLED&x-id=GetObject
🎬 SLIDESHOWS:   - backgroundAudioUrl type: string
🎬 SLIDESHOWS:   - autoplayInterval: 8000
🎬 SLIDESHOWS:   - requiresActivationCode: false
🎬 SLIDESHOWS:   - images count: 3
🎬 SLIDESHOWS: Sending response to frontend...
🎬 SLIDESHOWS: ===== GET SLIDESHOW DEBUG END =====
🔴 GET_PLAYLIST: Fetching playlist: 22
🔴 GET_PLAYLIST: Fetching playlist: 21
🔴 GET_PLAYLIST: Fetching playlist: 20
🔴 GET_PLAYLIST: Fetching playlist: 19
🔴 GET_PLAYLIST: Fetching playlist: 18
🔴 GET_PLAYLIST: Fetching playlist: 13
🔴 GET_PLAYLIST: Fetching playlist: 5
🔴 GET_PLAYLIST: Fetching playlist: 4
🔴 GET_PLAYLIST: Fetching playlist: 3
🔴 GET_PLAYLIST: Fetching playlist: 2
📺 MEDIA_STREAM: Streaming S3 file for media 29: users/1/media/1752299135356-REMEMEBERBERRIESVIZZY - 2024-10-22 19-47-21.mp4
📺 MEDIA_STREAM: Streaming S3 file for media 32: users/1/media/1752341969098-CEREAL KILLAVIZZY - 2024-10-22 20-31-01.mp4
📺 MEDIA_STREAM: Streaming S3 file for media 30: users/1/media/1752332979075-ICEDOUTBASSVIZZY- 2024-10-22 20-13-41.mp4
📺 MEDIA_STREAM: Streaming S3 file for media 31: users/1/media/1752333029335-FAITH- 2024-08-31 16-32-59.mp4
🔗 Generated signed URL for: users/1/media/1752022305057-stackawayedm 1.mp3
🔗 Generated signed URL for: users/1/media/1752022268038-beautythatIseeedm.mp3
🔗 Generated signed URL for: users/1/media/1752022244645-getitpoppin.mp3
📺 MEDIA_STREAM: Attempting to stream local file for media 34: tjshelmet_2.mp3
🔗 Generated signed URL for: users/1/media/1752022226006-extracheese.mp3
🔗 Generated signed URL for: users/1/media/1752022244645-getitpoppin.mp3
🔗 Generated signed URL for: users/1/media/1752022305057-stackawayedm 1.mp3
🔴 GET_PLAYLIST: Found 0 product links
🔴 GET_PLAYLIST: Found 0 product links
🔴 GET_PLAYLIST: Found 0 product links
📺 MEDIA_STREAM: Streaming S3 file for media 27: users/1/media/1752188193371-vhstemplate - brazilianbums2025-01-03 09-14-37.mp4
📺 MEDIA_STREAM: Range request for users/1/media/1752332979075-ICEDOUTBASSVIZZY- 2024-10-22 20-13-41.mp4: bytes=0-470040120
📺 MEDIA_STREAM: Range request for users/1/media/1752341969098-CEREAL KILLAVIZZY - 2024-10-22 20-31-01.mp4: bytes=0-427343159
🔴 GET_PLAYLIST: Found 2 product links
📺 MEDIA_STREAM: Range request for users/1/media/1752333029335-FAITH- 2024-08-31 16-32-59.mp4: bytes=0-275747194
📺 MEDIA_STREAM: Range request for users/1/media/1752299135356-REMEMEBERBERRIESVIZZY - 2024-10-22 19-47-21.mp4: bytes=0-701925961
📺 MEDIA_STREAM: Range request for users/1/media/1752188193371-vhstemplate - brazilianbums2025-01-03 09-14-37.mp4: bytes=0-517148415
🔗 Generated signed URL for: users/1/media/1752018614400-putitinthepotbeat(2).mp3
🔴 GET_PLAYLIST: Found 0 product links
🔴 GET_PLAYLIST: Found 0 product links
📺 MEDIA_STREAM: Streaming base64 data for media 26
📺 MEDIA_STREAM: Streaming base64 data for media 25
🔴 GET_PLAYLIST: Found 0 product links
📺 MEDIA_STREAM: Streaming base64 data for media 24
🔴 GET_PLAYLIST: Found 0 product links
📺 MEDIA_STREAM: Streaming base64 data for media 23
🔴 GET_PLAYLIST: Found 0 product links
🔴 GET_PLAYLIST: Found 0 product links
📺 MEDIA_STREAM: Streaming S3 file for media 22: users/1/media/1752022305057-stackawayedm 1.mp3
📺 MEDIA_STREAM: Streaming S3 file for media 21: users/1/media/1752022268038-beautythatIseeedm.mp3
📺 MEDIA_STREAM: Streaming S3 file for media 20: users/1/media/1752022244645-getitpoppin.mp3
📺 MEDIA_STREAM: Streaming S3 file for media 19: users/1/media/1752022226006-extracheese.mp3
📺 MEDIA_STREAM: Streaming S3 file for media 18: users/1/media/1752018614400-putitinthepotbeat(2).mp3
📺 MEDIA_STREAM: Streaming S3 file for media 17: users/1/media/1752022305057-stackawayedm 1.mp3
📺 MEDIA_STREAM: Range request for users/1/media/1752022305057-stackawayedm 1.mp3: bytes=0-5645758
📺 MEDIA_STREAM: Range request for users/1/media/1752022268038-beautythatIseeedm.mp3: bytes=0-3631611
📺 MEDIA_STREAM: Range request for users/1/media/1752018614400-putitinthepotbeat(2).mp3: bytes=0-2970548
📺 MEDIA_STREAM: Range request for users/1/media/1752022226006-extracheese.mp3: bytes=0-5539340
📺 MEDIA_STREAM: Range request for users/1/media/1752022305057-stackawayedm 1.mp3: bytes=0-5645758
📺 MEDIA_STREAM: Range request for users/1/media/1752022244645-getitpoppin.mp3: bytes=0-5219256
📺 MEDIA_STREAM: Streaming S3 file for media 16: users/1/media/1752022268038-beautythatIseeedm.mp3
📺 MEDIA_STREAM: Streaming S3 file for media 14: users/1/media/1752022226006-extracheese.mp3
📺 MEDIA_STREAM: Streaming S3 file for media 15: users/1/media/1752022244645-getitpoppin.mp3
📺 MEDIA_STREAM: Streaming S3 file for media 13: users/1/media/1752018614400-putitinthepotbeat(2).mp3
📺 MEDIA_STREAM: Streaming S3 file for media 32: users/1/media/1752341969098-CEREAL KILLAVIZZY - 2024-10-22 20-31-01.mp4
📺 MEDIA_STREAM: Range request for users/1/media/1752022268038-beautythatIseeedm.mp3: bytes=0-3631611
📺 MEDIA_STREAM: Range request for users/1/media/1752022226006-extracheese.mp3: bytes=0-5539340
📺 MEDIA_STREAM: Range request for users/1/media/1752022244645-getitpoppin.mp3: bytes=0-5219256
📺 MEDIA_STREAM: Range request for users/1/media/1752341969098-CEREAL KILLAVIZZY - 2024-10-22 20-31-01.mp4: bytes=427098112-427343159
📺 MEDIA_STREAM: Range request for users/1/media/1752018614400-putitinthepotbeat(2).mp3: bytes=0-2970548
📺 MEDIA_STREAM: Streaming S3 file for media 31: users/1/media/1752333029335-FAITH- 2024-08-31 16-32-59.mp4
📺 MEDIA_STREAM: Streaming S3 file for media 29: users/1/media/1752299135356-REMEMEBERBERRIESVIZZY - 2024-10-22 19-47-21.mp4
📺 MEDIA_STREAM: Streaming S3 file for media 30: users/1/media/1752332979075-ICEDOUTBASSVIZZY- 2024-10-22 20-13-41.mp4
📺 MEDIA_STREAM: Streaming S3 file for media 27: users/1/media/1752188193371-vhstemplate - brazilianbums2025-01-03 09-14-37.mp4
📺 MEDIA_STREAM: Range request for users/1/media/1752299135356-REMEMEBERBERRIESVIZZY - 2024-10-22 19-47-21.mp4: bytes=701562880-701925961
📺 MEDIA_STREAM: Streaming S3 file for media 32: users/1/media/1752341969098-CEREAL KILLAVIZZY - 2024-10-22 20-31-01.mp4
📺 MEDIA_STREAM: Range request for users/1/media/1752333029335-FAITH- 2024-08-31 16-32-59.mp4: bytes=275513344-275747194
📺 MEDIA_STREAM: Range request for users/1/media/1752332979075-ICEDOUTBASSVIZZY- 2024-10-22 20-13-41.mp4: bytes=469794816-470040120
📺 MEDIA_STREAM: Range request for users/1/media/1752188193371-vhstemplate - brazilianbums2025-01-03 09-14-37.mp4: bytes=516849664-517148415
📺 MEDIA_STREAM: Range request for users/1/media/1752341969098-CEREAL KILLAVIZZY - 2024-10-22 20-31-01.mp4: bytes=32768-427343159
📺 MEDIA_STREAM: Streaming S3 file for media 29: users/1/media/1752299135356-REMEMEBERBERRIESVIZZY - 2024-10-22 19-47-21.mp4
📺 MEDIA_STREAM: Range request for users/1/media/1752299135356-REMEMEBERBERRIESVIZZY - 2024-10-22 19-47-21.mp4: bytes=701661184-701925961
📺 MEDIA_STREAM: Streaming S3 file for media 27: users/1/media/1752188193371-vhstemplate - brazilianbums2025-01-03 09-14-37.mp4
📺 MEDIA_STREAM: Streaming S3 file for media 30: users/1/media/1752332979075-ICEDOUTBASSVIZZY- 2024-10-22 20-13-41.mp4
📺 MEDIA_STREAM: Range request for users/1/media/1752188193371-vhstemplate - brazilianbums2025-01-03 09-14-37.mp4: bytes=32768-517148415
📺 MEDIA_STREAM: Streaming S3 file for media 31: users/1/media/1752333029335-FAITH- 2024-08-31 16-32-59.mp4
📺 MEDIA_STREAM: Range request for users/1/media/1752332979075-ICEDOUTBASSVIZZY- 2024-10-22 20-13-41.mp4: bytes=32768-470040120
📺 MEDIA_STREAM: Range request for users/1/media/1752333029335-FAITH- 2024-08-31 16-32-59.mp4: bytes=32768-275747194
📺 MEDIA_STREAM: Streaming S3 file for media 29: users/1/media/1752299135356-REMEMEBERBERRIESVIZZY - 2024-10-22 19-47-21.mp4
📺 MEDIA_STREAM: Range request for users/1/media/1752299135356-REMEMEBERBERRIESVIZZY - 2024-10-22 19-47-21.mp4: bytes=32768-701925961
🔴 GET_PLAYLIST: Fetching playlist: 22
🔴 GET_PLAYLIST: Fetching playlist: 21
🔴 GET_PLAYLIST: Fetching playlist: 20
🔴 GET_PLAYLIST: Fetching playlist: 19
🔴 GET_PLAYLIST: Fetching playlist: 18
🔴 GET_PLAYLIST: Fetching playlist: 13
🔴 GET_PLAYLIST: Fetching playlist: 5
🔴 GET_PLAYLIST: Fetching playlist: 4
🔴 GET_PLAYLIST: Fetching playlist: 3
🔴 GET_PLAYLIST: Fetching playlist: 2
🔗 Generated signed URL for: users/1/media/1752022226006-extracheese.mp3
🔗 Generated signed URL for: users/1/media/1752022244645-getitpoppin.mp3
🔗 Generated signed URL for: users/1/media/1752022305057-stackawayedm 1.mp3
🔴 GET_PLAYLIST: Found 2 product links
🔗 Generated signed URL for: users/1/media/1752018614400-putitinthepotbeat(2).mp3
🔗 Generated signed URL for: users/1/media/1752022305057-stackawayedm 1.mp3
🔗 Generated signed URL for: users/1/media/1752022268038-beautythatIseeedm.mp3
🔗 Generated signed URL for: users/1/media/1752022244645-getitpoppin.mp3
🔴 GET_PLAYLIST: Found 0 product links
🔴 GET_PLAYLIST: Found 0 product links
🔴 GET_PLAYLIST: Found 0 product links
🔴 GET_PLAYLIST: Found 0 product links
🔴 GET_PLAYLIST: Found 0 product links
🔴 GET_PLAYLIST: Found 0 product links
🔴 GET_PLAYLIST: Found 0 product links
🔴 GET_PLAYLIST: Found 0 product links
🔴 GET_PLAYLIST: Found 0 product links
🔴 GET_PLAYLIST: Fetching playlist: 22
🔴 GET_PLAYLIST: Fetching playlist: 21
🔴 GET_PLAYLIST: Fetching playlist: 20
🔴 GET_PLAYLIST: Fetching playlist: 19
🔴 GET_PLAYLIST: Fetching playlist: 18
🔴 GET_PLAYLIST: Fetching playlist: 13
🔴 GET_PLAYLIST: Fetching playlist: 5
🔴 GET_PLAYLIST: Fetching playlist: 4
🔴 GET_PLAYLIST: Fetching playlist: 3
🔴 GET_PLAYLIST: Fetching playlist: 2
🔗 Generated signed URL for: users/1/media/1752022226006-extracheese.mp3
🔗 Generated signed URL for: users/1/media/1752022244645-getitpoppin.mp3
🔗 Generated signed URL for: users/1/media/1752022305057-stackawayedm 1.mp3
🔗 Generated signed URL for: users/1/media/1752018614400-putitinthepotbeat(2).mp3
🔗 Generated signed URL for: users/1/media/1752022305057-stackawayedm 1.mp3
🔗 Generated signed URL for: users/1/media/1752022268038-beautythatIseeedm.mp3
🔗 Generated signed URL for: users/1/media/1752022244645-getitpoppin.mp3
🔴 GET_PLAYLIST: Found 0 product links
🔴 GET_PLAYLIST: Found 0 product links
🔴 GET_PLAYLIST: Found 0 product links
🔴 GET_PLAYLIST: Found 2 product links
🔴 GET_PLAYLIST: Found 0 product links
🔴 GET_PLAYLIST: Found 0 product links
🔴 GET_PLAYLIST: Found 0 product links
🔴 GET_PLAYLIST: Found 0 product links
🔴 GET_PLAYLIST: Found 0 product links
🔴 GET_PLAYLIST: Found 0 product links
📋 Using subscription tier limit: 50 playlists for premium plan
✅ Playlist creation allowed: User 1 has 10/50 playlists
🔴 GET_PLAYLIST: Fetching playlist: 28
🔗 Generated signed URL for: users/1/media/1752341969098-CEREAL KILLAVIZZY - 2024-10-22 20-31-01.mp4
🔗 Generated signed URL for: users/1/media/1752332979075-ICEDOUTBASSVIZZY- 2024-10-22 20-13-41.mp4
🔗 Generated signed URL for: users/1/media/1752299135356-REMEMEBERBERRIESVIZZY - 2024-10-22 19-47-21.mp4
🔗 Generated signed URL for: users/1/media/1752188193371-vhstemplate - brazilianbums2025-01-03 09-14-37.mp4
🔴 GET_PLAYLIST: Found 0 product links
🔴 GET_PLAYLIST: Fetching playlist: 28
🔴 GET_PLAYLIST: Fetching playlist: 22
🔴 GET_PLAYLIST: Fetching playlist: 21
🔴 GET_PLAYLIST: Fetching playlist: 20
🔴 GET_PLAYLIST: Fetching playlist: 19
🔴 GET_PLAYLIST: Fetching playlist: 18
🔴 GET_PLAYLIST: Fetching playlist: 13
🔴 GET_PLAYLIST: Fetching playlist: 5
🔴 GET_PLAYLIST: Fetching playlist: 4
🔴 GET_PLAYLIST: Fetching playlist: 3
🔴 GET_PLAYLIST: Fetching playlist: 2
🔗 Generated signed URL for: users/1/media/1752341969098-CEREAL KILLAVIZZY - 2024-10-22 20-31-01.mp4
🔗 Generated signed URL for: users/1/media/1752332979075-ICEDOUTBASSVIZZY- 2024-10-22 20-13-41.mp4
🔗 Generated signed URL for: users/1/media/1752299135356-REMEMEBERBERRIESVIZZY - 2024-10-22 19-47-21.mp4
🔗 Generated signed URL for: users/1/media/1752188193371-vhstemplate - brazilianbums2025-01-03 09-14-37.mp4
🔴 GET_PLAYLIST: Found 0 product links
🔴 GET_PLAYLIST: Found 0 product links
🔗 Generated signed URL for: users/1/media/1752022226006-extracheese.mp3
🔗 Generated signed URL for: users/1/media/1752022244645-getitpoppin.mp3
🔗 Generated signed URL for: users/1/media/1752022305057-stackawayedm 1.mp3
🔗 Generated signed URL for: users/1/media/1752022305057-stackawayedm 1.mp3
🔗 Generated signed URL for: users/1/media/1752022268038-beautythatIseeedm.mp3
🔗 Generated signed URL for: users/1/media/1752022244645-getitpoppin.mp3
🔗 Generated signed URL for: users/1/media/1752018614400-putitinthepotbeat(2).mp3
🔴 GET_PLAYLIST: Found 2 product links
🔴 GET_PLAYLIST: Found 0 product links
🔴 GET_PLAYLIST: Found 0 product links
🔴 GET_PLAYLIST: Found 0 product links
🔴 GET_PLAYLIST: Found 0 product links
🔴 GET_PLAYLIST: Found 0 product links
🔴 GET_PLAYLIST: Found 0 product links
🔴 GET_PLAYLIST: Found 0 product links
🔴 GET_PLAYLIST: Found 0 product links
🔴 GET_PLAYLIST: Fetching playlist: 28
🔴 GET_PLAYLIST: Fetching playlist: 22
🔴 GET_PLAYLIST: Fetching playlist: 21
🔴 GET_PLAYLIST: Fetching playlist: 20
🔴 GET_PLAYLIST: Fetching playlist: 19
🔴 GET_PLAYLIST: Fetching playlist: 18
🔴 GET_PLAYLIST: Fetching playlist: 13
🔴 GET_PLAYLIST: Fetching playlist: 5
🔴 GET_PLAYLIST: Fetching playlist: 4
🔴 GET_PLAYLIST: Fetching playlist: 3
🔴 GET_PLAYLIST: Fetching playlist: 2
🔗 Generated signed URL for: users/1/media/1752018614400-putitinthepotbeat(2).mp3
🔗 Generated signed URL for: users/1/media/1752022226006-extracheese.mp3
🔗 Generated signed URL for: users/1/media/1752022244645-getitpoppin.mp3
🔗 Generated signed URL for: users/1/media/1752022305057-stackawayedm 1.mp3
🔗 Generated signed URL for: users/1/media/1752022305057-stackawayedm 1.mp3
🔗 Generated signed URL for: users/1/media/1752022268038-beautythatIseeedm.mp3
🔗 Generated signed URL for: users/1/media/1752022244645-getitpoppin.mp3
🔗 Generated signed URL for: users/1/media/1752341969098-CEREAL KILLAVIZZY - 2024-10-22 20-31-01.mp4
🔗 Generated signed URL for: users/1/media/1752332979075-ICEDOUTBASSVIZZY- 2024-10-22 20-13-41.mp4
🔗 Generated signed URL for: users/1/media/1752299135356-REMEMEBERBERRIESVIZZY - 2024-10-22 19-47-21.mp4
🔗 Generated signed URL for: users/1/media/1752188193371-vhstemplate - brazilianbums2025-01-03 09-14-37.mp4
🔴 GET_PLAYLIST: Found 0 product links
🔴 GET_PLAYLIST: Found 0 product links
🔴 GET_PLAYLIST: Found 0 product links
🔴 GET_PLAYLIST: Found 0 product links
🔴 GET_PLAYLIST: Found 0 product links
🔴 GET_PLAYLIST: Found 0 product links
🔴 GET_PLAYLIST: Found 2 product links
🔴 GET_PLAYLIST: Found 0 product links
🔴 GET_PLAYLIST: Found 0 product links
🔴 GET_PLAYLIST: Found 0 product links
🔴 GET_PLAYLIST: Found 0 product links
🔴 GET_PLAYLIST: Fetching playlist: 28
🔴 GET_PLAYLIST: Fetching playlist: 22
🔴 GET_PLAYLIST: Fetching playlist: 21
🔴 GET_PLAYLIST: Fetching playlist: 20
🔴 GET_PLAYLIST: Fetching playlist: 19
🔴 GET_PLAYLIST: Fetching playlist: 18
🔴 GET_PLAYLIST: Fetching playlist: 13
🔴 GET_PLAYLIST: Fetching playlist: 5
🔴 GET_PLAYLIST: Fetching playlist: 4
🔴 GET_PLAYLIST: Fetching playlist: 3
🔴 GET_PLAYLIST: Fetching playlist: 2
🔗 Generated signed URL for: users/1/media/1752341969098-CEREAL KILLAVIZZY - 2024-10-22 20-31-01.mp4
🔗 Generated signed URL for: users/1/media/1752332979075-ICEDOUTBASSVIZZY- 2024-10-22 20-13-41.mp4
🔗 Generated signed URL for: users/1/media/1752299135356-REMEMEBERBERRIESVIZZY - 2024-10-22 19-47-21.mp4
🔗 Generated signed URL for: users/1/media/1752188193371-vhstemplate - brazilianbums2025-01-03 09-14-37.mp4
🔗 Generated signed URL for: users/1/media/1752018614400-putitinthepotbeat(2).mp3
🔗 Generated signed URL for: users/1/media/1752022305057-stackawayedm 1.mp3
🔗 Generated signed URL for: users/1/media/1752022268038-beautythatIseeedm.mp3
🔗 Generated signed URL for: users/1/media/1752022244645-getitpoppin.mp3
🔗 Generated signed URL for: users/1/media/1752022226006-extracheese.mp3
🔗 Generated signed URL for: users/1/media/1752022244645-getitpoppin.mp3
🔗 Generated signed URL for: users/1/media/1752022305057-stackawayedm 1.mp3
🔴 GET_PLAYLIST: Found 0 product links
🔴 GET_PLAYLIST: Found 0 product links
🔴 GET_PLAYLIST: Found 0 product links
🔴 GET_PLAYLIST: Found 0 product links
🔴 GET_PLAYLIST: Found 2 product links
🔴 GET_PLAYLIST: Found 0 product links
🔴 GET_PLAYLIST: Found 0 product links
🔴 GET_PLAYLIST: Found 0 product links
🔴 GET_PLAYLIST: Found 0 product links
🔴 GET_PLAYLIST: Found 0 product links
🔴 GET_PLAYLIST: Found 0 product links
🎬 SLIDESHOWS: Fetching slideshows for user: 1
🎬 SLIDESHOWS: Found 13 slideshows
🎬 SLIDESHOWS: ===== SLIDESHOW UPDATE DEBUG START =====
🎬 SLIDESHOWS: Updating slideshow ID: 30
🎬 SLIDESHOWS: Request body received: {
  "name": "testagain7",
  "description": "test",
  "transition": "fade",
  "autoplayInterval": 5000,
  "requiresActivationCode": true
}
🎬 SLIDESHOWS: Extracted fields:
🎬 SLIDESHOWS:   - name: testagain7
🎬 SLIDESHOWS:   - description: test
🎬 SLIDESHOWS:   - autoplayInterval: 5000
🎬 SLIDESHOWS:   - transition: fade
🎬 SLIDESHOWS:   - requiresActivationCode: true
🎬 SLIDESHOWS:   - audio_url: undefined
🎬 SLIDESHOWS:   - audio_url type: undefined
🎬 SLIDESHOWS: User ID: 1
🎬 SLIDESHOWS: Checking slideshow ownership...
🎬 SLIDESHOWS: ✅ Ownership verified
🎬 SLIDESHOWS: Executing UPDATE query with parameters:
🎬 SLIDESHOWS:   $1 (name): testagain7
🎬 SLIDESHOWS:   $2 (description): test
🎬 SLIDESHOWS:   $3 (autoplayInterval): 5000
🎬 SLIDESHOWS:   $4 (transition): fade
🎬 SLIDESHOWS:   $5 (requiresActivationCode): true
🎬 SLIDESHOWS:   $6 (processedAudioUrl): undefined
🎬 SLIDESHOWS:   $7 (id): 30
🎬 SLIDESHOWS: ✅ UPDATE query successful
🎬 SLIDESHOWS: Updated slideshow data from database:
🎬 SLIDESHOWS:   - id: 30
🎬 SLIDESHOWS:   - name: testagain7
🎬 SLIDESHOWS:   - audio_url: https://merchtechbucket.s3.us-east-2.amazonaws.com/users/1/media/1752588116546-ambientbeat.mp3
🎬 SLIDESHOWS:   - audio_url type: string
🎬 SLIDESHOWS:   - autoplay_interval: 5000
🎬 SLIDESHOWS:   - requires_activation_code: true
🎬 SLIDESHOWS:   - updated_at: 2025-07-15T16:29:07.415Z
🎵 SLIDESHOWS: ℹ️ No audio_url provided in request
🎬 SLIDESHOWS: Preparing response object...
🎬 SLIDESHOWS: Response object prepared:
🎬 SLIDESHOWS: {
  "id": 30,
  "name": "testagain7",
  "description": "test",
  "autoplayInterval": 5000,
  "transition": "fade",
  "requiresActivationCode": true,
  "backgroundAudioUrl": "https://merchtechbucket.s3.us-east-2.amazonaws.com/users/1/media/1752588116546-ambientbeat.mp3",
  "updatedAt": "2025-07-15T16:29:07.415Z"
}
🎬 SLIDESHOWS: ===== SLIDESHOW UPDATE DEBUG END =====
🎬 SLIDESHOWS: ===== GET SLIDESHOW DEBUG START =====
🎬 SLIDESHOWS: Fetching slideshow ID: 30
🎬 SLIDESHOWS: ✅ Slideshow found in database
🎬 SLIDESHOWS: Raw slideshow data from database:
🎬 SLIDESHOWS:   - id: 30
🎬 SLIDESHOWS:   - name: testagain7
🎬 SLIDESHOWS:   - audio_url: https://merchtechbucket.s3.us-east-2.amazonaws.com/users/1/media/1752588116546-ambientbeat.mp3
🎬 SLIDESHOWS:   - audio_url type: string
🎬 SLIDESHOWS:   - autoplay_interval: 5000
🎬 SLIDESHOWS:   - requires_activation_code: true
🎬 SLIDESHOWS: Found 4 images for slideshow
🔗 Generated signed URL for: users/1/media/1752512959661-865920832.png
🔗 Generated signed URL for: users/1/media/1752544564617-208519358.png
🔗 Generated signed URL for: users/1/media/1752544581730-219520606.png
🔗 Generated signed URL for: users/1/media/1752544604299-346189419.png
🎬 SLIDESHOWS: Processing background audio URL...
🎬 SLIDESHOWS: Original audio_url: https://merchtechbucket.s3.us-east-2.amazonaws.com/users/1/media/1752588116546-ambientbeat.mp3
🎵 SLIDESHOWS: Audio URL is S3, generating signed URL...
🎵 SLIDESHOWS: Extracted S3 key: users/1/media/1752588116546-ambientbeat.mp3
🔗 Generated signed URL for: users/1/media/1752588116546-ambientbeat.mp3
🎵 SLIDESHOWS: Generated signed audio URL: https://merchtechbucket.s3.us-east-2.amazonaws.com/users/1/media/1752588116546-ambientbeat.mp3?X-Amz-Algorithm=AWS4-HMAC-SHA256&X-Amz-Content-Sha256=UNSIGNED-PAYLOAD&X-Amz-Credential=AKIAZK2GCMJ2JIHNV3MU%2F20250715%2Fus-east-2%2Fs3%2Faws4_request&X-Amz-Date=20250715T162907Z&X-Amz-Expires=3600&X-Amz-Signature=ea80bbfc26304186cc170e07b74d3e19988a502faa1880f34e7a41fd39d0882b&X-Amz-SignedHeaders=host&x-amz-checksum-mode=ENABLED&x-id=GetObject
🎬 SLIDESHOWS: Found 2 product links
🎬 SLIDESHOWS: Final slideshow object prepared:
🎬 SLIDESHOWS:   - id: 30
🎬 SLIDESHOWS:   - name: testagain7
🎬 SLIDESHOWS:   - backgroundAudioUrl: https://merchtechbucket.s3.us-east-2.amazonaws.com/users/1/media/1752588116546-ambientbeat.mp3?X-Amz-Algorithm=AWS4-HMAC-SHA256&X-Amz-Content-Sha256=UNSIGNED-PAYLOAD&X-Amz-Credential=AKIAZK2GCMJ2JIHNV3MU%2F20250715%2Fus-east-2%2Fs3%2Faws4_request&X-Amz-Date=20250715T162907Z&X-Amz-Expires=3600&X-Amz-Signature=ea80bbfc26304186cc170e07b74d3e19988a502faa1880f34e7a41fd39d0882b&X-Amz-SignedHeaders=host&x-amz-checksum-mode=ENABLED&x-id=GetObject
🎬 SLIDESHOWS:   - backgroundAudioUrl type: string
🎬 SLIDESHOWS:   - autoplayInterval: 5000
🎬 SLIDESHOWS:   - requiresActivationCode: true
🎬 SLIDESHOWS:   - images count: 4
🎬 SLIDESHOWS: Sending response to frontend...
🎬 SLIDESHOWS: ===== GET SLIDESHOW DEBUG END =====
🔴 GET_PLAYLIST: Fetching playlist: 28
🔗 Generated signed URL for: users/1/media/1752341969098-CEREAL KILLAVIZZY - 2024-10-22 20-31-01.mp4
🔗 Generated signed URL for: users/1/media/1752332979075-ICEDOUTBASSVIZZY- 2024-10-22 20-13-41.mp4
🔗 Generated signed URL for: users/1/media/1752299135356-REMEMEBERBERRIESVIZZY - 2024-10-22 19-47-21.mp4
🔗 Generated signed URL for: users/1/media/1752188193371-vhstemplate - brazilianbums2025-01-03 09-14-37.mp4
🔴 GET_PLAYLIST: Found 0 product links
🌍 UNIVERSAL_CHAT: Fetching messages with filters: {
  limit: '50',
  offset: 0,
  filterType: 'all',
  userId: undefined,
  category: undefined,
  messageType: undefined
}
🌍 CHAT_CATEGORIES: Fetching categories
🌍 UNIVERSAL_CHAT: Found 4 messages
🌍 CHAT_CATEGORIES: Found categories: [ 'general', 'products', 'support', 'feedback' ]
SIGTERM signal received: closing HTTP server
HTTP server closed
Database pool has ended
