DEBUG: Server script starting...
DEBUG: .env loaded, DATABASE_URL: configured
DEBUG: NODE_ENV: undefined
AWS Access Key Suffix: V3MU
AWS Secret Key Suffix: y2Yz
✅ S3 service loaded and instantiated successfully
   AWS Region: us-east-2
   S3 Bucket: merchtechbucket
   AWS Access Key: Configured
✅ Server listening on http://0.0.0.0:5001
🚀 To test locally, open http://localhost:5001
🔗 CORS: Request from origin: undefined
📺 MEDIA_STREAM: Public streaming request for media 37
📺 MEDIA_STREAM: Access control check: {
  mediaId: '37',
  mediaUserId: 4,
  adminUserId: 1,
  isAdminFile: false,
  hasAuth: false,
  isOwnFile: null,
  isAdmin: false
}
📺 MEDIA_STREAM: Public access granted for media 37
📺 MEDIA_STREAM: Streaming S3 file for media 37: users/4/media/1752638241846-att.Uhm5rTR6togQ9OJ3UL5stBZh19jlzGh8T0z1HV2N1jI.mp4
📺 MEDIA_STREAM: Successfully streaming S3 file for media 37
🔗 CORS: Request from origin: undefined
📺 MEDIA_STREAM: Public streaming request for media 37
📺 MEDIA_STREAM: Invalid token provided, continuing as public access
📺 MEDIA_STREAM: Access control check: {
  mediaId: '37',
  mediaUserId: 4,
  adminUserId: 1,
  isAdminFile: false,
  hasAuth: false,
  isOwnFile: null,
  isAdmin: false
}
📺 MEDIA_STREAM: Public access granted for media 37
📺 MEDIA_STREAM: Streaming S3 file for media 37: users/4/media/1752638241846-att.Uhm5rTR6togQ9OJ3UL5stBZh19jlzGh8T0z1HV2N1jI.mp4
📺 MEDIA_STREAM: Successfully streaming S3 file for media 37
🔗 CORS: Request from origin: http://localhost:8081
🔴 CHAT: Fetching messages for playlist: 1
🔴 CHAT: Found 3 messages
🔗 CORS: Request from origin: http://localhost:8081
🔴 CHAT: Fetching messages for playlist: 1
🔴 CHAT: Found 3 messages
🔗 CORS: Request from origin: http://localhost:8081
🔴 GET_PLAYLIST: Fetching playlist: 1
🔴 GET_PLAYLIST: playlistId type: string
🔴 GET_PLAYLIST: Query result rows: 1
🔴 GET_PLAYLIST: Found playlist: this is it
🔴 GET_PLAYLIST: Media query result: 4 media files found
🔗 Generated signed URL for: users/4/media/1752638241846-att.Uhm5rTR6togQ9OJ3UL5stBZh19jlzGh8T0z1HV2N1jI.mp4
🔗 Generated signed URL for: users/4/media/1752638277239-IMG_0004.mov
🔗 Generated signed URL for: users/4/media/1752638308751-IMG_0009.mov
🔗 Generated signed URL for: users/4/media/1752638344019-IMG_0013.mov
🔴 GET_PLAYLIST: Found 1 product links
🔗 CORS: Request from origin: http://localhost:8081
🔑 ACTIVATION_CODES: Fetching access codes for user: 4
🔑 ACTIVATION_CODES: Found 1 access codes
🔗 CORS: Request from origin: http://localhost:8081
🔴 CHAT: Fetching messages for playlist: 1
🔴 CHAT: Found 3 messages
🔗 CORS: Request from origin: http://localhost:8081
🔴 CHAT: Fetching messages for playlist: 1
🔴 CHAT: Found 3 messages
🔗 CORS: Request from origin: http://localhost:8081
🔴 CHAT: Fetching messages for playlist: 1
🔴 CHAT: Found 3 messages
🔗 CORS: Request from origin: http://localhost:8081
🔴 GET_PLAYLIST: Fetching playlist: 1
🔴 GET_PLAYLIST: playlistId type: string
🔴 GET_PLAYLIST: Query result rows: 1
🔴 GET_PLAYLIST: Found playlist: this is it
🔴 GET_PLAYLIST: Media query result: 4 media files found
🔗 Generated signed URL for: users/4/media/1752638241846-att.Uhm5rTR6togQ9OJ3UL5stBZh19jlzGh8T0z1HV2N1jI.mp4
🔗 Generated signed URL for: users/4/media/1752638277239-IMG_0004.mov
🔗 Generated signed URL for: users/4/media/1752638308751-IMG_0009.mov
🔗 Generated signed URL for: users/4/media/1752638344019-IMG_0013.mov
🔴 GET_PLAYLIST: Found 1 product links
🔗 CORS: Request from origin: http://localhost:8081
🔑 ACTIVATION_CODES: Fetching access codes for user: 4
🔑 ACTIVATION_CODES: Found 1 access codes
