DEBUG: Server script starting...
DEBUG: .env loaded, DATABASE_URL: configured
DEBUG: NODE_ENV: undefined
AWS Access Key Suffix: V3MU
AWS Secret Key Suffix: y2Yz
✅ S3 service loaded and instantiated successfully
   AWS Region: us-east-2
   S3 Bucket: merchtechbucket
   AWS Access Key: Configured
✅ Server listening on http://0.0.0.0:5001
🚀 To test locally, open http://localhost:5001
🔗 CORS: Request from origin: undefined
🎵 SLIDESHOW_AUDIO_STREAM: Streaming audio for slideshow: 31
🎵 SLIDESHOW_AUDIO_STREAM: Audio URL: https://merchtechbucket.s3.us-east-2.amazonaws.com/users/4/media/1752688264677-hadesbeatfirstdraft-1.mp3
🎵 SLIDESHOW_AUDIO_STREAM: Streaming S3 audio
🎵 SLIDESHOW_AUDIO_STREAM: Extracted S3 key: users/4/media/1752688264677-hadesbeatfirstdraft-1.mp3
🎵 SLIDESHOW_AUDIO_STREAM: HEAD request, returning headers only
🔗 CORS: Request from origin: undefined
🎵 SLIDESHOW_AUDIO_STREAM: Streaming audio for slideshow: 31
🎵 SLIDESHOW_AUDIO_STREAM: Audio URL: https://merchtechbucket.s3.us-east-2.amazonaws.com/users/4/media/1752688264677-hadesbeatfirstdraft-1.mp3
🎵 SLIDESHOW_AUDIO_STREAM: Streaming S3 audio
🎵 SLIDESHOW_AUDIO_STREAM: Extracted S3 key: users/4/media/1752688264677-hadesbeatfirstdraft-1.mp3
🎵 SLIDESHOW_AUDIO_STREAM: Successfully streaming S3 audio
🔗 CORS: Request from origin: http://localhost:8081
🔴 CHAT: Fetching messages for playlist: 1
🔗 CORS: Request from origin: undefined
📺 MEDIA_STREAM: Public streaming request for media 37
📺 MEDIA_STREAM: Access control check: {
  mediaId: '37',
  mediaUserId: 4,
  adminUserId: 1,
  isAdminFile: false,
  hasAuth: false,
  isOwnFile: null,
  isAdmin: false
}
📺 MEDIA_STREAM: Public access granted for media 37
📺 MEDIA_STREAM: Streaming S3 file for media 37: users/4/media/1752638241846-att.Uhm5rTR6togQ9OJ3UL5stBZh19jlzGh8T0z1HV2N1jI.mp4
🔴 CHAT: Found 3 messages
📺 MEDIA_STREAM: Range request for users/4/media/1752638241846-att.Uhm5rTR6togQ9OJ3UL5stBZh19jlzGh8T0z1HV2N1jI.mp4: bytes=0-10349996
🔗 CORS: Request from origin: http://localhost:8081
🔴 CHAT: Fetching messages for playlist: 1
🔴 CHAT: Found 3 messages
🔗 CORS: Request from origin: http://localhost:8081
🔴 GET_PLAYLIST: Fetching playlist: 1
🔴 GET_PLAYLIST: playlistId type: number
🔴 GET_PLAYLIST: Query result rows: 1
🔴 GET_PLAYLIST: Found playlist: this is it
🔴 GET_PLAYLIST: Media query result: 4 media files found
🔗 Generated signed URL for: users/4/media/1752638241846-att.Uhm5rTR6togQ9OJ3UL5stBZh19jlzGh8T0z1HV2N1jI.mp4
🔗 Generated signed URL for: users/4/media/1752638277239-IMG_0004.mov
🔗 Generated signed URL for: users/4/media/1752638308751-IMG_0009.mov
🔗 Generated signed URL for: users/4/media/1752638344019-IMG_0013.mov
🔴 GET_PLAYLIST: Found 1 product links
🔗 CORS: Request from origin: http://localhost:8081
🔴 MEDIA: Fetching media files for user: 4
🔴 MEDIA: Admin user ID: 1
🔴 MEDIA: Found 22 media files for user
🔗 CORS: Request from origin: http://localhost:8081
🔗 CORS: Request from origin: http://localhost:8081
🔗 CORS: Request from origin: http://localhost:8081
🔴 MEDIA: Fetching media files for user: 4
🔴 GET_PLAYLIST: Fetching playlist: 1
🔴 GET_PLAYLIST: playlistId type: number
🔴 GET_PLAYLIST: Query result rows: 1
🔴 GET_PLAYLIST: Found playlist: this is it
🔴 GET_PLAYLIST: Media query result: 4 media files found
🔗 Generated signed URL for: users/4/media/1752638241846-att.Uhm5rTR6togQ9OJ3UL5stBZh19jlzGh8T0z1HV2N1jI.mp4
🔗 Generated signed URL for: users/4/media/1752638277239-IMG_0004.mov
🔗 Generated signed URL for: users/4/media/1752638308751-IMG_0009.mov
🔗 Generated signed URL for: users/4/media/1752638344019-IMG_0013.mov
🔴 GET_PLAYLIST: Found 1 product links
🔴 MEDIA: Admin user ID: 1
🔴 MEDIA: Found 22 media files for user
🔗 CORS: Request from origin: http://localhost:8081
🎬 SLIDESHOWS: Fetching slideshows for user: 4
🎬 SLIDESHOWS: Found 2 slideshows
🔗 CORS: Request from origin: http://localhost:8081
🎬 GET_SLIDESHOW [31]: Starting fetch for access check.
🔗 CORS: Request from origin: http://localhost:8081
🔑 ACTIVATION_CODES: Fetching access codes for user: 4
🔑 ACTIVATION_CODES: Found 1 access codes
🔗 CORS: Request from origin: http://localhost:8081
🎬 SLIDESHOW_PREVIEW: Fetching slideshow for preview: 31
🎬 SLIDESHOW_PREVIEW: ID type: string
🎬 SLIDESHOW_PREVIEW: All slideshows in database: [
  { id: 3, name: 'testg' },
  { id: 4, name: 'Uploader Test 1751515313396' },
  { id: 5, name: 'Uploader Test 1751515500470' },
  { id: 6, name: 'DelTest' },
  { id: 7, name: 'Test Slideshow' },
  { id: 8, name: 'Updated Test Slideshow' },
  { id: 10, name: 'Protected Slideshow Test' },
  { id: 11, name: 'Protected Slideshow Test' },
  { id: 12, name: 'Protected Slideshow Test' },
  { id: 13, name: 'Protected Slideshow Test' },
  { id: 15, name: 'Image Upload Test Slideshow' },
  { id: 22, name: 'sl1' },
  { id: 23, name: 'Test Update Fixed v2' },
  { id: 30, name: 'testagain7' },
  { id: 31, name: 'test9' }
]
🎬 SLIDESHOW_PREVIEW: Query result for ID 31 : [
  {
    id: 31,
    user_id: 4,
    name: 'test9',
    description: 'test',
    requires_activation_code: true,
    is_public: false,
    autoplay_interval: 5000,
    transition: 'zoom',
    created_at: 2025-07-16T17:15:47.724Z,
    updated_at: 2025-07-17T21:09:47.305Z,
    audio_url: 'https://merchtechbucket.s3.us-east-2.amazonaws.com/users/4/media/1752688264677-hadesbeatfirstdraft-1.mp3',
    username: 'peritus00'
  }
]
🎬 SLIDESHOW_PREVIEW: Slideshow found: test9
🎬 SLIDESHOW_PREVIEW: Found 3 images
🔗 Generated signed URL for: users/4/media/1752686169754-27252574.png
🔗 Generated signed URL for: users/4/media/1752686170741-968907769.png
🔗 Generated signed URL for: users/4/media/1752686171746-181827880.png
🔗 Generated signed URL for: users/4/media/1752688264677-hadesbeatfirstdraft-1.mp3
🎬 SLIDESHOW_PREVIEW: Returning preview data with 3 images
🔗 CORS: Request from origin: http://localhost:8081
🎵 SLIDESHOW_AUDIO_STREAM: Streaming audio for slideshow: 31
🎵 SLIDESHOW_AUDIO_STREAM: Audio URL: https://merchtechbucket.s3.us-east-2.amazonaws.com/users/4/media/1752688264677-hadesbeatfirstdraft-1.mp3
🎵 SLIDESHOW_AUDIO_STREAM: Streaming S3 audio
🎵 SLIDESHOW_AUDIO_STREAM: Extracted S3 key: users/4/media/1752688264677-hadesbeatfirstdraft-1.mp3
🔗 CORS: Request from origin: http://localhost:8081
🎵 SLIDESHOW_AUDIO_STREAM: Streaming audio for slideshow: 31
🎵 SLIDESHOW_AUDIO_STREAM: Audio URL: https://merchtechbucket.s3.us-east-2.amazonaws.com/users/4/media/1752688264677-hadesbeatfirstdraft-1.mp3
🎵 SLIDESHOW_AUDIO_STREAM: Streaming S3 audio
🎵 SLIDESHOW_AUDIO_STREAM: Extracted S3 key: users/4/media/1752688264677-hadesbeatfirstdraft-1.mp3
🎵 SLIDESHOW_AUDIO_STREAM: Successfully streaming S3 audio
🎵 SLIDESHOW_AUDIO_STREAM: Successfully streaming S3 audio
🔗 CORS: Request from origin: http://localhost:8081
🎬 SLIDESHOW_PREVIEW: Fetching slideshow for preview: 31
🎬 SLIDESHOW_PREVIEW: ID type: string
🎬 SLIDESHOW_PREVIEW: All slideshows in database: [
  { id: 3, name: 'testg' },
  { id: 4, name: 'Uploader Test 1751515313396' },
  { id: 5, name: 'Uploader Test 1751515500470' },
  { id: 6, name: 'DelTest' },
  { id: 7, name: 'Test Slideshow' },
  { id: 8, name: 'Updated Test Slideshow' },
  { id: 10, name: 'Protected Slideshow Test' },
  { id: 11, name: 'Protected Slideshow Test' },
  { id: 12, name: 'Protected Slideshow Test' },
  { id: 13, name: 'Protected Slideshow Test' },
  { id: 15, name: 'Image Upload Test Slideshow' },
  { id: 22, name: 'sl1' },
  { id: 23, name: 'Test Update Fixed v2' },
  { id: 30, name: 'testagain7' },
  { id: 31, name: 'test9' }
]
🎬 SLIDESHOW_PREVIEW: Query result for ID 31 : [
  {
    id: 31,
    user_id: 4,
    name: 'test9',
    description: 'test',
    requires_activation_code: true,
    is_public: false,
    autoplay_interval: 5000,
    transition: 'zoom',
    created_at: 2025-07-16T17:15:47.724Z,
    updated_at: 2025-07-17T21:09:47.305Z,
    audio_url: 'https://merchtechbucket.s3.us-east-2.amazonaws.com/users/4/media/1752688264677-hadesbeatfirstdraft-1.mp3',
    username: 'peritus00'
  }
]
🎬 SLIDESHOW_PREVIEW: Slideshow found: test9
🎬 SLIDESHOW_PREVIEW: Found 3 images
🔗 Generated signed URL for: users/4/media/1752686169754-27252574.png
🔗 Generated signed URL for: users/4/media/1752686170741-968907769.png
🔗 Generated signed URL for: users/4/media/1752686171746-181827880.png
🔗 Generated signed URL for: users/4/media/1752688264677-hadesbeatfirstdraft-1.mp3
🎬 SLIDESHOW_PREVIEW: Returning preview data with 3 images
🔗 CORS: Request from origin: http://localhost:8081
🎬 SLIDESHOW_PREVIEW: Fetching slideshow for preview: 31
🎬 SLIDESHOW_PREVIEW: ID type: string
🎬 SLIDESHOW_PREVIEW: All slideshows in database: [
  { id: 3, name: 'testg' },
  { id: 4, name: 'Uploader Test 1751515313396' },
  { id: 5, name: 'Uploader Test 1751515500470' },
  { id: 6, name: 'DelTest' },
  { id: 7, name: 'Test Slideshow' },
  { id: 8, name: 'Updated Test Slideshow' },
  { id: 10, name: 'Protected Slideshow Test' },
  { id: 11, name: 'Protected Slideshow Test' },
  { id: 12, name: 'Protected Slideshow Test' },
  { id: 13, name: 'Protected Slideshow Test' },
  { id: 15, name: 'Image Upload Test Slideshow' },
  { id: 22, name: 'sl1' },
  { id: 23, name: 'Test Update Fixed v2' },
  { id: 30, name: 'testagain7' },
  { id: 31, name: 'test9' }
]
🎬 SLIDESHOW_PREVIEW: Query result for ID 31 : [
  {
    id: 31,
    user_id: 4,
    name: 'test9',
    description: 'test',
    requires_activation_code: true,
    is_public: false,
    autoplay_interval: 5000,
    transition: 'zoom',
    created_at: 2025-07-16T17:15:47.724Z,
    updated_at: 2025-07-17T21:09:47.305Z,
    audio_url: 'https://merchtechbucket.s3.us-east-2.amazonaws.com/users/4/media/1752688264677-hadesbeatfirstdraft-1.mp3',
    username: 'peritus00'
  }
]
🎬 SLIDESHOW_PREVIEW: Slideshow found: test9
🎬 SLIDESHOW_PREVIEW: Found 3 images
🔗 Generated signed URL for: users/4/media/1752686169754-27252574.png
🔗 Generated signed URL for: users/4/media/1752686170741-968907769.png
🔗 Generated signed URL for: users/4/media/1752686171746-181827880.png
🔗 Generated signed URL for: users/4/media/1752688264677-hadesbeatfirstdraft-1.mp3
🎬 SLIDESHOW_PREVIEW: Returning preview data with 3 images
🔗 CORS: Request from origin: http://localhost:8081
🎬 GET_SLIDESHOW [31]: Starting fetch for access check.
🔗 CORS: Request from origin: http://localhost:8081
🔑 ACTIVATION_CODES: Fetching access codes for user: 4
🔑 ACTIVATION_CODES: Found 1 access codes
🔗 CORS: Request from origin: http://localhost:8081
🎬 SLIDESHOWS: Fetching slideshows for user: 4
🎬 SLIDESHOWS: Found 2 slideshows
🔗 CORS: Request from origin: http://localhost:8081
🔴 GET_PLAYLIST: Fetching playlist: 1
🔴 GET_PLAYLIST: playlistId type: number
🔴 GET_PLAYLIST: Query result rows: 1
🔴 GET_PLAYLIST: Found playlist: this is it
🔴 GET_PLAYLIST: Media query result: 4 media files found
🔗 Generated signed URL for: users/4/media/1752638241846-att.Uhm5rTR6togQ9OJ3UL5stBZh19jlzGh8T0z1HV2N1jI.mp4
🔗 Generated signed URL for: users/4/media/1752638277239-IMG_0004.mov
🔗 Generated signed URL for: users/4/media/1752638308751-IMG_0009.mov
🔗 Generated signed URL for: users/4/media/1752638344019-IMG_0013.mov
🔴 GET_PLAYLIST: Found 1 product links
🔗 CORS: Request from origin: http://localhost:8081
🔴 MEDIA: Fetching media files for user: 4
🔴 MEDIA: Admin user ID: 1
🔴 MEDIA: Found 22 media files for user
🔗 CORS: Request from origin: http://localhost:8081
🔗 CORS: Request from origin: http://localhost:8081
🔗 CORS: Request from origin: http://localhost:8081
🔴 MEDIA: Fetching media files for user: 4
🔴 GET_PLAYLIST: Fetching playlist: 1
🔴 GET_PLAYLIST: playlistId type: number
🔴 GET_PLAYLIST: Query result rows: 1
🔴 GET_PLAYLIST: Found playlist: this is it
🔴 GET_PLAYLIST: Media query result: 4 media files found
🔗 Generated signed URL for: users/4/media/1752638241846-att.Uhm5rTR6togQ9OJ3UL5stBZh19jlzGh8T0z1HV2N1jI.mp4
🔗 Generated signed URL for: users/4/media/1752638277239-IMG_0004.mov
🔗 Generated signed URL for: users/4/media/1752638308751-IMG_0009.mov
🔗 Generated signed URL for: users/4/media/1752638344019-IMG_0013.mov
🔴 GET_PLAYLIST: Found 1 product links
🔴 MEDIA: Admin user ID: 1
🔴 MEDIA: Found 22 media files for user
🔗 CORS: Request from origin: http://localhost:8081
🔴 GET_PLAYLIST: Fetching playlist: 1
🔴 GET_PLAYLIST: playlistId type: string
🔴 GET_PLAYLIST: Query result rows: 1
🔴 GET_PLAYLIST: Found playlist: this is it
🔴 GET_PLAYLIST: Media query result: 4 media files found
🔗 Generated signed URL for: users/4/media/1752638241846-att.Uhm5rTR6togQ9OJ3UL5stBZh19jlzGh8T0z1HV2N1jI.mp4
🔗 Generated signed URL for: users/4/media/1752638277239-IMG_0004.mov
🔗 Generated signed URL for: users/4/media/1752638308751-IMG_0009.mov
🔗 Generated signed URL for: users/4/media/1752638344019-IMG_0013.mov
🔴 GET_PLAYLIST: Found 1 product links
🔗 CORS: Request from origin: http://localhost:8081
🔑 ACTIVATION_CODES: Fetching access codes for user: 4
🔑 ACTIVATION_CODES: Found 1 access codes
🔗 CORS: Request from origin: http://localhost:8081
🔴 CHAT: Fetching messages for playlist: 1
🔗 CORS: Request from origin: undefined
📺 MEDIA_STREAM: Public streaming request for media 37
📺 MEDIA_STREAM: Access control check: {
  mediaId: '37',
  mediaUserId: 4,
  adminUserId: 1,
  isAdminFile: false,
  hasAuth: false,
  isOwnFile: null,
  isAdmin: false
}
📺 MEDIA_STREAM: Public access granted for media 37
📺 MEDIA_STREAM: Streaming S3 file for media 37: users/4/media/1752638241846-att.Uhm5rTR6togQ9OJ3UL5stBZh19jlzGh8T0z1HV2N1jI.mp4
🔴 CHAT: Found 3 messages
📺 MEDIA_STREAM: Range request for users/4/media/1752638241846-att.Uhm5rTR6togQ9OJ3UL5stBZh19jlzGh8T0z1HV2N1jI.mp4: bytes=0-10349996
🔗 CORS: Request from origin: http://localhost:8081
🔴 CHAT: Fetching messages for playlist: 1
🔴 CHAT: Found 3 messages
🔗 CORS: Request from origin: http://localhost:8081
🔴 GET_PLAYLIST: Fetching playlist: 1
🔴 GET_PLAYLIST: playlistId type: string
🔴 GET_PLAYLIST: Query result rows: 1
🔴 GET_PLAYLIST: Found playlist: this is it
🔴 GET_PLAYLIST: Media query result: 4 media files found
🔗 Generated signed URL for: users/4/media/1752638241846-att.Uhm5rTR6togQ9OJ3UL5stBZh19jlzGh8T0z1HV2N1jI.mp4
🔗 Generated signed URL for: users/4/media/1752638277239-IMG_0004.mov
🔗 Generated signed URL for: users/4/media/1752638308751-IMG_0009.mov
🔗 Generated signed URL for: users/4/media/1752638344019-IMG_0013.mov
🔴 GET_PLAYLIST: Found 1 product links
🔗 CORS: Request from origin: http://localhost:8081
🔑 ACTIVATION_CODES: Fetching access codes for user: 4
🔑 ACTIVATION_CODES: Found 1 access codes
🔗 CORS: Request from origin: http://localhost:8081
🔴 CHAT: Fetching messages for playlist: 1
🔴 CHAT: Found 3 messages
🔗 CORS: Request from origin: http://localhost:8081
🔴 GET_PLAYLIST: Fetching playlist: 1
🔴 GET_PLAYLIST: playlistId type: string
🔴 GET_PLAYLIST: Query result rows: 1
🔴 GET_PLAYLIST: Found playlist: this is it
🔴 GET_PLAYLIST: Media query result: 4 media files found
🔗 Generated signed URL for: users/4/media/1752638241846-att.Uhm5rTR6togQ9OJ3UL5stBZh19jlzGh8T0z1HV2N1jI.mp4
🔗 Generated signed URL for: users/4/media/1752638277239-IMG_0004.mov
🔗 Generated signed URL for: users/4/media/1752638308751-IMG_0009.mov
🔗 Generated signed URL for: users/4/media/1752638344019-IMG_0013.mov
🔴 GET_PLAYLIST: Found 1 product links
🔗 CORS: Request from origin: http://localhost:8081
🔑 ACTIVATION_CODES: Fetching access codes for user: 4
🔑 ACTIVATION_CODES: Found 1 access codes
🔗 CORS: Request from origin: http://localhost:8081
🔴 CHAT: Fetching messages for playlist: 1
🔗 CORS: Request from origin: undefined
📺 MEDIA_STREAM: Public streaming request for media 37
🔴 CHAT: Found 3 messages
📺 MEDIA_STREAM: Access control check: {
  mediaId: '37',
  mediaUserId: 4,
  adminUserId: 1,
  isAdminFile: false,
  hasAuth: false,
  isOwnFile: null,
  isAdmin: false
}
📺 MEDIA_STREAM: Public access granted for media 37
📺 MEDIA_STREAM: Streaming S3 file for media 37: users/4/media/1752638241846-att.Uhm5rTR6togQ9OJ3UL5stBZh19jlzGh8T0z1HV2N1jI.mp4
📺 MEDIA_STREAM: Range request for users/4/media/1752638241846-att.Uhm5rTR6togQ9OJ3UL5stBZh19jlzGh8T0z1HV2N1jI.mp4: bytes=753664-10349996
🔗 CORS: Request from origin: undefined
📺 MEDIA_STREAM: Public streaming request for media 37
📺 MEDIA_STREAM: Access control check: {
  mediaId: '37',
  mediaUserId: 4,
  adminUserId: 1,
  isAdminFile: false,
  hasAuth: false,
  isOwnFile: null,
  isAdmin: false
}
📺 MEDIA_STREAM: Public access granted for media 37
📺 MEDIA_STREAM: Streaming S3 file for media 37: users/4/media/1752638241846-att.Uhm5rTR6togQ9OJ3UL5stBZh19jlzGh8T0z1HV2N1jI.mp4
📺 MEDIA_STREAM: Range request for users/4/media/1752638241846-att.Uhm5rTR6togQ9OJ3UL5stBZh19jlzGh8T0z1HV2N1jI.mp4: bytes=786432-10349996
🔗 CORS: Request from origin: http://localhost:8081
🔴 CHAT: Fetching messages for playlist: 1
🔴 CHAT: Found 3 messages
🔗 CORS: Request from origin: http://localhost:8081
🔴 CHAT: Fetching messages for playlist: 1
🔴 CHAT: Found 3 messages
🔗 CORS: Request from origin: http://localhost:8081
🔴 CHAT: Fetching messages for playlist: 1
🔴 CHAT: Found 3 messages
🔗 CORS: Request from origin: http://localhost:8081
🔴 CHAT: Fetching messages for playlist: 1
🔴 CHAT: Found 3 messages
🔗 CORS: Request from origin: http://localhost:8081
🔴 GET_PLAYLIST: Fetching playlist: 1
🔴 GET_PLAYLIST: playlistId type: string
🔴 GET_PLAYLIST: Query result rows: 1
🔴 GET_PLAYLIST: Found playlist: this is it
🔴 GET_PLAYLIST: Media query result: 4 media files found
🔗 Generated signed URL for: users/4/media/1752638241846-att.Uhm5rTR6togQ9OJ3UL5stBZh19jlzGh8T0z1HV2N1jI.mp4
🔗 Generated signed URL for: users/4/media/1752638277239-IMG_0004.mov
🔗 Generated signed URL for: users/4/media/1752638308751-IMG_0009.mov
🔗 Generated signed URL for: users/4/media/1752638344019-IMG_0013.mov
🔴 GET_PLAYLIST: Found 1 product links
🔗 CORS: Request from origin: http://localhost:8081
🔑 ACTIVATION_CODES: Fetching access codes for user: 4
🔑 ACTIVATION_CODES: Found 1 access codes
🔗 CORS: Request from origin: undefined
🎬 SLIDESHOW_PREVIEW: Fetching slideshow for preview: 31
🎬 SLIDESHOW_PREVIEW: ID type: string
🎬 SLIDESHOW_PREVIEW: All slideshows in database: [
  { id: 3, name: 'testg' },
  { id: 4, name: 'Uploader Test 1751515313396' },
  { id: 5, name: 'Uploader Test 1751515500470' },
  { id: 6, name: 'DelTest' },
  { id: 7, name: 'Test Slideshow' },
  { id: 8, name: 'Updated Test Slideshow' },
  { id: 10, name: 'Protected Slideshow Test' },
  { id: 11, name: 'Protected Slideshow Test' },
  { id: 12, name: 'Protected Slideshow Test' },
  { id: 13, name: 'Protected Slideshow Test' },
  { id: 15, name: 'Image Upload Test Slideshow' },
  { id: 22, name: 'sl1' },
  { id: 23, name: 'Test Update Fixed v2' },
  { id: 30, name: 'testagain7' },
  { id: 31, name: 'test9' }
]
🎬 SLIDESHOW_PREVIEW: Query result for ID 31 : [
  {
    id: 31,
    user_id: 4,
    name: 'test9',
    description: 'test',
    requires_activation_code: true,
    is_public: false,
    autoplay_interval: 5000,
    transition: 'zoom',
    created_at: 2025-07-16T17:15:47.724Z,
    updated_at: 2025-07-17T21:09:47.305Z,
    audio_url: 'https://merchtechbucket.s3.us-east-2.amazonaws.com/users/4/media/1752688264677-hadesbeatfirstdraft-1.mp3',
    username: 'peritus00'
  }
]
🎬 SLIDESHOW_PREVIEW: Slideshow found: test9
🎬 SLIDESHOW_PREVIEW: Found 3 images
🔗 Generated signed URL for: users/4/media/1752686169754-27252574.png
🔗 Generated signed URL for: users/4/media/1752686170741-968907769.png
🔗 Generated signed URL for: users/4/media/1752686171746-181827880.png
🔗 Generated signed URL for: users/4/media/1752688264677-hadesbeatfirstdraft-1.mp3
🎬 SLIDESHOW_PREVIEW: Returning preview data with 3 images
🔗 CORS: Request from origin: undefined
🎵 SLIDESHOW_AUDIO_STREAM: Streaming audio for slideshow: 31
🎵 SLIDESHOW_AUDIO_STREAM: Audio URL: https://merchtechbucket.s3.us-east-2.amazonaws.com/users/4/media/1752688264677-hadesbeatfirstdraft-1.mp3
🎵 SLIDESHOW_AUDIO_STREAM: Streaming S3 audio
🎵 SLIDESHOW_AUDIO_STREAM: Extracted S3 key: users/4/media/1752688264677-hadesbeatfirstdraft-1.mp3
🎵 SLIDESHOW_AUDIO_STREAM: HEAD request, returning headers only
🔗 CORS: Request from origin: http://localhost:8081
🔴 GET_PLAYLIST: Fetching playlist: 1
🔴 GET_PLAYLIST: playlistId type: number
🔴 GET_PLAYLIST: Query result rows: 1
🔴 GET_PLAYLIST: Found playlist: this is it
🔴 GET_PLAYLIST: Media query result: 4 media files found
🔗 Generated signed URL for: users/4/media/1752638241846-att.Uhm5rTR6togQ9OJ3UL5stBZh19jlzGh8T0z1HV2N1jI.mp4
🔗 Generated signed URL for: users/4/media/1752638277239-IMG_0004.mov
🔗 Generated signed URL for: users/4/media/1752638308751-IMG_0009.mov
🔗 Generated signed URL for: users/4/media/1752638344019-IMG_0013.mov
🔴 GET_PLAYLIST: Found 1 product links
🔗 CORS: Request from origin: http://localhost:8081
🔴 MEDIA: Fetching media files for user: 4
🔴 MEDIA: Admin user ID: 1
🔴 MEDIA: Found 22 media files for user
🔗 CORS: Request from origin: http://localhost:8081
🔗 CORS: Request from origin: http://localhost:8081
🔗 CORS: Request from origin: http://localhost:8081
🔴 MEDIA: Fetching media files for user: 4
🔴 MEDIA: Admin user ID: 1
🔴 GET_PLAYLIST: Fetching playlist: 1
🔴 GET_PLAYLIST: playlistId type: number
🔴 MEDIA: Found 22 media files for user
🔴 GET_PLAYLIST: Query result rows: 1
🔴 GET_PLAYLIST: Found playlist: this is it
🔴 GET_PLAYLIST: Media query result: 4 media files found
🔗 Generated signed URL for: users/4/media/1752638241846-att.Uhm5rTR6togQ9OJ3UL5stBZh19jlzGh8T0z1HV2N1jI.mp4
🔗 Generated signed URL for: users/4/media/1752638277239-IMG_0004.mov
🔗 Generated signed URL for: users/4/media/1752638308751-IMG_0009.mov
🔗 Generated signed URL for: users/4/media/1752638344019-IMG_0013.mov
🔴 GET_PLAYLIST: Found 1 product links
🔗 CORS: Request from origin: http://localhost:8081
🎬 SLIDESHOWS: Fetching slideshows for user: 4
🎬 SLIDESHOWS: Found 2 slideshows
🔗 CORS: Request from origin: http://localhost:8081
🎬 GET_SLIDESHOW [31]: Starting fetch for access check.
🔗 CORS: Request from origin: http://localhost:8081
🔑 ACTIVATION_CODES: Fetching access codes for user: 4
🔑 ACTIVATION_CODES: Found 1 access codes
🔗 CORS: Request from origin: http://localhost:8081
🎬 SLIDESHOW_PREVIEW: Fetching slideshow for preview: 31
🎬 SLIDESHOW_PREVIEW: ID type: string
🎬 SLIDESHOW_PREVIEW: All slideshows in database: [
  { id: 3, name: 'testg' },
  { id: 4, name: 'Uploader Test 1751515313396' },
  { id: 5, name: 'Uploader Test 1751515500470' },
  { id: 6, name: 'DelTest' },
  { id: 7, name: 'Test Slideshow' },
  { id: 8, name: 'Updated Test Slideshow' },
  { id: 10, name: 'Protected Slideshow Test' },
  { id: 11, name: 'Protected Slideshow Test' },
  { id: 12, name: 'Protected Slideshow Test' },
  { id: 13, name: 'Protected Slideshow Test' },
  { id: 15, name: 'Image Upload Test Slideshow' },
  { id: 22, name: 'sl1' },
  { id: 23, name: 'Test Update Fixed v2' },
  { id: 30, name: 'testagain7' },
  { id: 31, name: 'test9' }
]
🎬 SLIDESHOW_PREVIEW: Query result for ID 31 : [
  {
    id: 31,
    user_id: 4,
    name: 'test9',
    description: 'test',
    requires_activation_code: true,
    is_public: false,
    autoplay_interval: 5000,
    transition: 'zoom',
    created_at: 2025-07-16T17:15:47.724Z,
    updated_at: 2025-07-17T21:09:47.305Z,
    audio_url: 'https://merchtechbucket.s3.us-east-2.amazonaws.com/users/4/media/1752688264677-hadesbeatfirstdraft-1.mp3',
    username: 'peritus00'
  }
]
🎬 SLIDESHOW_PREVIEW: Slideshow found: test9
🎬 SLIDESHOW_PREVIEW: Found 3 images
🔗 Generated signed URL for: users/4/media/1752686169754-27252574.png
🔗 Generated signed URL for: users/4/media/1752686170741-968907769.png
🔗 Generated signed URL for: users/4/media/1752686171746-181827880.png
🔗 Generated signed URL for: users/4/media/1752688264677-hadesbeatfirstdraft-1.mp3
🎬 SLIDESHOW_PREVIEW: Returning preview data with 3 images
🔗 CORS: Request from origin: http://localhost:8081
🎬 SLIDESHOW_PREVIEW: Fetching slideshow for preview: 31
🎬 SLIDESHOW_PREVIEW: ID type: string
🎬 SLIDESHOW_PREVIEW: All slideshows in database: [
  { id: 3, name: 'testg' },
  { id: 4, name: 'Uploader Test 1751515313396' },
  { id: 5, name: 'Uploader Test 1751515500470' },
  { id: 6, name: 'DelTest' },
  { id: 7, name: 'Test Slideshow' },
  { id: 8, name: 'Updated Test Slideshow' },
  { id: 10, name: 'Protected Slideshow Test' },
  { id: 11, name: 'Protected Slideshow Test' },
  { id: 12, name: 'Protected Slideshow Test' },
  { id: 13, name: 'Protected Slideshow Test' },
  { id: 15, name: 'Image Upload Test Slideshow' },
  { id: 22, name: 'sl1' },
  { id: 23, name: 'Test Update Fixed v2' },
  { id: 30, name: 'testagain7' },
  { id: 31, name: 'test9' }
]
🎬 SLIDESHOW_PREVIEW: Query result for ID 31 : [
  {
    id: 31,
    user_id: 4,
    name: 'test9',
    description: 'test',
    requires_activation_code: true,
    is_public: false,
    autoplay_interval: 5000,
    transition: 'zoom',
    created_at: 2025-07-16T17:15:47.724Z,
    updated_at: 2025-07-17T21:09:47.305Z,
    audio_url: 'https://merchtechbucket.s3.us-east-2.amazonaws.com/users/4/media/1752688264677-hadesbeatfirstdraft-1.mp3',
    username: 'peritus00'
  }
]
🎬 SLIDESHOW_PREVIEW: Slideshow found: test9
🎬 SLIDESHOW_PREVIEW: Found 3 images
🔗 Generated signed URL for: users/4/media/1752686169754-27252574.png
🔗 Generated signed URL for: users/4/media/1752686170741-968907769.png
🔗 Generated signed URL for: users/4/media/1752686171746-181827880.png
🔗 Generated signed URL for: users/4/media/1752688264677-hadesbeatfirstdraft-1.mp3
🎬 SLIDESHOW_PREVIEW: Returning preview data with 3 images
🔗 CORS: Request from origin: http://localhost:8081
🎬 SLIDESHOW_PREVIEW: Fetching slideshow for preview: 31
🎬 SLIDESHOW_PREVIEW: ID type: string
🎬 SLIDESHOW_PREVIEW: All slideshows in database: [
  { id: 3, name: 'testg' },
  { id: 4, name: 'Uploader Test 1751515313396' },
  { id: 5, name: 'Uploader Test 1751515500470' },
  { id: 6, name: 'DelTest' },
  { id: 7, name: 'Test Slideshow' },
  { id: 8, name: 'Updated Test Slideshow' },
  { id: 10, name: 'Protected Slideshow Test' },
  { id: 11, name: 'Protected Slideshow Test' },
  { id: 12, name: 'Protected Slideshow Test' },
  { id: 13, name: 'Protected Slideshow Test' },
  { id: 15, name: 'Image Upload Test Slideshow' },
  { id: 22, name: 'sl1' },
  { id: 23, name: 'Test Update Fixed v2' },
  { id: 30, name: 'testagain7' },
  { id: 31, name: 'test9' }
]
🎬 SLIDESHOW_PREVIEW: Query result for ID 31 : [
  {
    id: 31,
    user_id: 4,
    name: 'test9',
    description: 'test',
    requires_activation_code: true,
    is_public: false,
    autoplay_interval: 5000,
    transition: 'zoom',
    created_at: 2025-07-16T17:15:47.724Z,
    updated_at: 2025-07-17T21:09:47.305Z,
    audio_url: 'https://merchtechbucket.s3.us-east-2.amazonaws.com/users/4/media/1752688264677-hadesbeatfirstdraft-1.mp3',
    username: 'peritus00'
  }
]
🎬 SLIDESHOW_PREVIEW: Slideshow found: test9
🎬 SLIDESHOW_PREVIEW: Found 3 images
🔗 Generated signed URL for: users/4/media/1752686169754-27252574.png
🔗 Generated signed URL for: users/4/media/1752686170741-968907769.png
🔗 Generated signed URL for: users/4/media/1752686171746-181827880.png
🔗 Generated signed URL for: users/4/media/1752688264677-hadesbeatfirstdraft-1.mp3
🎬 SLIDESHOW_PREVIEW: Returning preview data with 3 images
🔗 CORS: Request from origin: http://localhost:8081
🎬 SLIDESHOW_PREVIEW: Fetching slideshow for preview: 31
🎬 SLIDESHOW_PREVIEW: ID type: string
🎬 SLIDESHOW_PREVIEW: All slideshows in database: [
  { id: 3, name: 'testg' },
  { id: 4, name: 'Uploader Test 1751515313396' },
  { id: 5, name: 'Uploader Test 1751515500470' },
  { id: 6, name: 'DelTest' },
  { id: 7, name: 'Test Slideshow' },
  { id: 8, name: 'Updated Test Slideshow' },
  { id: 10, name: 'Protected Slideshow Test' },
  { id: 11, name: 'Protected Slideshow Test' },
  { id: 12, name: 'Protected Slideshow Test' },
  { id: 13, name: 'Protected Slideshow Test' },
  { id: 15, name: 'Image Upload Test Slideshow' },
  { id: 22, name: 'sl1' },
  { id: 23, name: 'Test Update Fixed v2' },
  { id: 30, name: 'testagain7' },
  { id: 31, name: 'test9' }
]
🎬 SLIDESHOW_PREVIEW: Query result for ID 31 : [
  {
    id: 31,
    user_id: 4,
    name: 'test9',
    description: 'test',
    requires_activation_code: true,
    is_public: false,
    autoplay_interval: 5000,
    transition: 'zoom',
    created_at: 2025-07-16T17:15:47.724Z,
    updated_at: 2025-07-17T21:09:47.305Z,
    audio_url: 'https://merchtechbucket.s3.us-east-2.amazonaws.com/users/4/media/1752688264677-hadesbeatfirstdraft-1.mp3',
    username: 'peritus00'
  }
]
🎬 SLIDESHOW_PREVIEW: Slideshow found: test9
🎬 SLIDESHOW_PREVIEW: Found 3 images
🔗 Generated signed URL for: users/4/media/1752686169754-27252574.png
🔗 Generated signed URL for: users/4/media/1752686170741-968907769.png
🔗 Generated signed URL for: users/4/media/1752686171746-181827880.png
🔗 Generated signed URL for: users/4/media/1752688264677-hadesbeatfirstdraft-1.mp3
🎬 SLIDESHOW_PREVIEW: Returning preview data with 3 images
🔗 CORS: Request from origin: undefined
🎵 SLIDESHOW_AUDIO_STREAM: Streaming audio for slideshow: 31
🎵 SLIDESHOW_AUDIO_STREAM: Audio URL: https://merchtechbucket.s3.us-east-2.amazonaws.com/users/4/media/1752688264677-hadesbeatfirstdraft-1.mp3
🎵 SLIDESHOW_AUDIO_STREAM: Streaming S3 audio
🎵 SLIDESHOW_AUDIO_STREAM: Extracted S3 key: users/4/media/1752688264677-hadesbeatfirstdraft-1.mp3
🎵 SLIDESHOW_AUDIO_STREAM: Successfully streaming S3 audio
🔗 CORS: Request from origin: http://localhost:8081
🎬 SLIDESHOW_PREVIEW: Fetching slideshow for preview: 31
🎬 SLIDESHOW_PREVIEW: ID type: string
🎬 SLIDESHOW_PREVIEW: All slideshows in database: [
  { id: 3, name: 'testg' },
  { id: 4, name: 'Uploader Test 1751515313396' },
  { id: 5, name: 'Uploader Test 1751515500470' },
  { id: 6, name: 'DelTest' },
  { id: 7, name: 'Test Slideshow' },
  { id: 8, name: 'Updated Test Slideshow' },
  { id: 10, name: 'Protected Slideshow Test' },
  { id: 11, name: 'Protected Slideshow Test' },
  { id: 12, name: 'Protected Slideshow Test' },
  { id: 13, name: 'Protected Slideshow Test' },
  { id: 15, name: 'Image Upload Test Slideshow' },
  { id: 22, name: 'sl1' },
  { id: 23, name: 'Test Update Fixed v2' },
  { id: 30, name: 'testagain7' },
  { id: 31, name: 'test9' }
]
🎬 SLIDESHOW_PREVIEW: Query result for ID 31 : [
  {
    id: 31,
    user_id: 4,
    name: 'test9',
    description: 'test',
    requires_activation_code: true,
    is_public: false,
    autoplay_interval: 5000,
    transition: 'zoom',
    created_at: 2025-07-16T17:15:47.724Z,
    updated_at: 2025-07-17T21:09:47.305Z,
    audio_url: 'https://merchtechbucket.s3.us-east-2.amazonaws.com/users/4/media/1752688264677-hadesbeatfirstdraft-1.mp3',
    username: 'peritus00'
  }
]
🎬 SLIDESHOW_PREVIEW: Slideshow found: test9
🎬 SLIDESHOW_PREVIEW: Found 3 images
🔗 Generated signed URL for: users/4/media/1752686169754-27252574.png
🔗 Generated signed URL for: users/4/media/1752686170741-968907769.png
🔗 Generated signed URL for: users/4/media/1752686171746-181827880.png
🔗 Generated signed URL for: users/4/media/1752688264677-hadesbeatfirstdraft-1.mp3
🎬 SLIDESHOW_PREVIEW: Returning preview data with 3 images
🔗 CORS: Request from origin: http://localhost:8081
🎬 SLIDESHOW_PREVIEW: Fetching slideshow for preview: 31
🎬 SLIDESHOW_PREVIEW: ID type: string
🎬 SLIDESHOW_PREVIEW: All slideshows in database: [
  { id: 3, name: 'testg' },
  { id: 4, name: 'Uploader Test 1751515313396' },
  { id: 5, name: 'Uploader Test 1751515500470' },
  { id: 6, name: 'DelTest' },
  { id: 7, name: 'Test Slideshow' },
  { id: 8, name: 'Updated Test Slideshow' },
  { id: 10, name: 'Protected Slideshow Test' },
  { id: 11, name: 'Protected Slideshow Test' },
  { id: 12, name: 'Protected Slideshow Test' },
  { id: 13, name: 'Protected Slideshow Test' },
  { id: 15, name: 'Image Upload Test Slideshow' },
  { id: 22, name: 'sl1' },
  { id: 23, name: 'Test Update Fixed v2' },
  { id: 30, name: 'testagain7' },
  { id: 31, name: 'test9' }
]
🎬 SLIDESHOW_PREVIEW: Query result for ID 31 : [
  {
    id: 31,
    user_id: 4,
    name: 'test9',
    description: 'test',
    requires_activation_code: true,
    is_public: false,
    autoplay_interval: 5000,
    transition: 'zoom',
    created_at: 2025-07-16T17:15:47.724Z,
    updated_at: 2025-07-17T21:09:47.305Z,
    audio_url: 'https://merchtechbucket.s3.us-east-2.amazonaws.com/users/4/media/1752688264677-hadesbeatfirstdraft-1.mp3',
    username: 'peritus00'
  }
]
🎬 SLIDESHOW_PREVIEW: Slideshow found: test9
🎬 SLIDESHOW_PREVIEW: Found 3 images
🔗 Generated signed URL for: users/4/media/1752686169754-27252574.png
🔗 Generated signed URL for: users/4/media/1752686170741-968907769.png
🔗 Generated signed URL for: users/4/media/1752686171746-181827880.png
🔗 Generated signed URL for: users/4/media/1752688264677-hadesbeatfirstdraft-1.mp3
🎬 SLIDESHOW_PREVIEW: Returning preview data with 3 images
🔗 CORS: Request from origin: http://localhost:8081
🎬 SLIDESHOW_PREVIEW: Fetching slideshow for preview: 31
🎬 SLIDESHOW_PREVIEW: ID type: string
🎬 SLIDESHOW_PREVIEW: All slideshows in database: [
  { id: 3, name: 'testg' },
  { id: 4, name: 'Uploader Test 1751515313396' },
  { id: 5, name: 'Uploader Test 1751515500470' },
  { id: 6, name: 'DelTest' },
  { id: 7, name: 'Test Slideshow' },
  { id: 8, name: 'Updated Test Slideshow' },
  { id: 10, name: 'Protected Slideshow Test' },
  { id: 11, name: 'Protected Slideshow Test' },
  { id: 12, name: 'Protected Slideshow Test' },
  { id: 13, name: 'Protected Slideshow Test' },
  { id: 15, name: 'Image Upload Test Slideshow' },
  { id: 22, name: 'sl1' },
  { id: 23, name: 'Test Update Fixed v2' },
  { id: 30, name: 'testagain7' },
  { id: 31, name: 'test9' }
]
🎬 SLIDESHOW_PREVIEW: Query result for ID 31 : [
  {
    id: 31,
    user_id: 4,
    name: 'test9',
    description: 'test',
    requires_activation_code: true,
    is_public: false,
    autoplay_interval: 5000,
    transition: 'zoom',
    created_at: 2025-07-16T17:15:47.724Z,
    updated_at: 2025-07-17T21:09:47.305Z,
    audio_url: 'https://merchtechbucket.s3.us-east-2.amazonaws.com/users/4/media/1752688264677-hadesbeatfirstdraft-1.mp3',
    username: 'peritus00'
  }
]
🎬 SLIDESHOW_PREVIEW: Slideshow found: test9
🎬 SLIDESHOW_PREVIEW: Found 3 images
🔗 Generated signed URL for: users/4/media/1752686169754-27252574.png
🔗 Generated signed URL for: users/4/media/1752686170741-968907769.png
🔗 Generated signed URL for: users/4/media/1752686171746-181827880.png
🔗 Generated signed URL for: users/4/media/1752688264677-hadesbeatfirstdraft-1.mp3
🎬 SLIDESHOW_PREVIEW: Returning preview data with 3 images
🔗 CORS: Request from origin: http://localhost:8081
🎬 SLIDESHOW_PREVIEW: Fetching slideshow for preview: 31
🎬 SLIDESHOW_PREVIEW: ID type: string
🎬 SLIDESHOW_PREVIEW: All slideshows in database: [
  { id: 3, name: 'testg' },
  { id: 4, name: 'Uploader Test 1751515313396' },
  { id: 5, name: 'Uploader Test 1751515500470' },
  { id: 6, name: 'DelTest' },
  { id: 7, name: 'Test Slideshow' },
  { id: 8, name: 'Updated Test Slideshow' },
  { id: 10, name: 'Protected Slideshow Test' },
  { id: 11, name: 'Protected Slideshow Test' },
  { id: 12, name: 'Protected Slideshow Test' },
  { id: 13, name: 'Protected Slideshow Test' },
  { id: 15, name: 'Image Upload Test Slideshow' },
  { id: 22, name: 'sl1' },
  { id: 23, name: 'Test Update Fixed v2' },
  { id: 30, name: 'testagain7' },
  { id: 31, name: 'test9' }
]
🎬 SLIDESHOW_PREVIEW: Query result for ID 31 : [
  {
    id: 31,
    user_id: 4,
    name: 'test9',
    description: 'test',
    requires_activation_code: true,
    is_public: false,
    autoplay_interval: 5000,
    transition: 'zoom',
    created_at: 2025-07-16T17:15:47.724Z,
    updated_at: 2025-07-17T21:09:47.305Z,
    audio_url: 'https://merchtechbucket.s3.us-east-2.amazonaws.com/users/4/media/1752688264677-hadesbeatfirstdraft-1.mp3',
    username: 'peritus00'
  }
]
🎬 SLIDESHOW_PREVIEW: Slideshow found: test9
🎬 SLIDESHOW_PREVIEW: Found 3 images
🔗 Generated signed URL for: users/4/media/1752686169754-27252574.png
🔗 Generated signed URL for: users/4/media/1752686170741-968907769.png
🔗 Generated signed URL for: users/4/media/1752686171746-181827880.png
🔗 Generated signed URL for: users/4/media/1752688264677-hadesbeatfirstdraft-1.mp3
🎬 SLIDESHOW_PREVIEW: Returning preview data with 3 images
