⚠️  S3 service not available, using local/base64 storage
📂 Uploads directory already exists: /Users/admin/Downloads/merchtechapp5/uploads
🌐 WEB: Playlist access route registered
(node:78337) ExperimentalWarning: Type Stripping is an experimental feature and might change at any time
(Use `node --trace-warnings ...` to show where the warning was created)
🔧 Initializing database schema...
🔧 Verifying table columns exist...
   -> Checking for column: verification_token
   -> Checking for column: is_admin
   -> Checking for column: is_suspended
   -> Checking for column: subscription_tier
   -> Checking for column: created_at
   -> Checking for column: updated_at
   -> Checking for column: max_products
   -> Checking for column: max_audio_files
   -> Checking for column: max_playlists
   -> Checking for column: max_qr_codes
   -> Checking for column: max_slideshows
   -> Checking for column: max_videos
   -> Checking for column: max_activation_codes
✅ Database schema initialized successfully.
🚀 Full server with email logic running on port 5001
